Archive member included to satisfy reference by file (symbol)

examples/libexamples.a(LCD_1in44_test.c.obj)
                              CMakeFiles/main.dir/main.c.obj (LCD_1in44_test)
examples/libexamples.a(ImageData.c.obj)
                              examples/libexamples.a(LCD_1in44_test.c.obj) (gImage_1inch44_1)
lib/LCD/libLCD.a(LCD_1in44.c.obj)
                              examples/libexamples.a(LCD_1in44_test.c.obj) (LCD_1IN44_Init)
lib/Infrared/libInfrared.a(Infrared.c.obj)
                              examples/libexamples.a(LCD_1in44_test.c.obj) (SET_Infrared_PIN)
lib/GUI/libGUI.a(GUI_Paint.c.obj)
                              examples/libexamples.a(LCD_1in44_test.c.obj) (Paint_NewImage)
lib/Fonts/libFonts.a(font12.c.obj)
                              examples/libexamples.a(LCD_1in44_test.c.obj) (Font12)
lib/Fonts/libFonts.a(font20.c.obj)
                              examples/libexamples.a(LCD_1in44_test.c.obj) (Font20)
lib/Fonts/libFonts.a(font24CN.c.obj)
                              examples/libexamples.a(LCD_1in44_test.c.obj) (Font24CN)
lib/Config/libConfig.a(DEV_Config.c.obj)
                              lib/LCD/libLCD.a(LCD_1in44.c.obj) (DEV_Digital_Write)
/usr/lib/gcc/arm-none-eabi/10.3.1/thumb/v6-m/nofp/libgcc.a(_dvmd_tls.o)
                              CMakeFiles/main.dir/home/administrator/workspace/pico-sdk/src/rp2_common/pico_divider/divider.S.obj (__aeabi_idiv0)
/usr/lib/gcc/arm-none-eabi/10.3.1/../../../arm-none-eabi/lib/thumb/v6-m/nofp/libc.a(lib_a-atexit.o)
                              /usr/lib/gcc/arm-none-eabi/10.3.1/../../../arm-none-eabi/lib/thumb/v6-m/nofp/crt0.o (atexit)
/usr/lib/gcc/arm-none-eabi/10.3.1/../../../arm-none-eabi/lib/thumb/v6-m/nofp/libc.a(lib_a-calloc.o)
                              CMakeFiles/main.dir/home/administrator/workspace/pico-sdk/src/rp2_common/pico_malloc/pico_malloc.c.obj (calloc)
/usr/lib/gcc/arm-none-eabi/10.3.1/../../../arm-none-eabi/lib/thumb/v6-m/nofp/libc.a(lib_a-callocr.o)
                              /usr/lib/gcc/arm-none-eabi/10.3.1/../../../arm-none-eabi/lib/thumb/v6-m/nofp/libc.a(lib_a-calloc.o) (_calloc_r)
/usr/lib/gcc/arm-none-eabi/10.3.1/../../../arm-none-eabi/lib/thumb/v6-m/nofp/libc.a(lib_a-fini.o)
                              /usr/lib/gcc/arm-none-eabi/10.3.1/../../../arm-none-eabi/lib/thumb/v6-m/nofp/crt0.o (__libc_fini_array)
/usr/lib/gcc/arm-none-eabi/10.3.1/../../../arm-none-eabi/lib/thumb/v6-m/nofp/libc.a(lib_a-impure.o)
                              /usr/lib/gcc/arm-none-eabi/10.3.1/../../../arm-none-eabi/lib/thumb/v6-m/nofp/libc.a(lib_a-calloc.o) (_impure_ptr)
/usr/lib/gcc/arm-none-eabi/10.3.1/../../../arm-none-eabi/lib/thumb/v6-m/nofp/libc.a(lib_a-init.o)
                              /usr/lib/gcc/arm-none-eabi/10.3.1/../../../arm-none-eabi/lib/thumb/v6-m/nofp/crt0.o (__libc_init_array)
/usr/lib/gcc/arm-none-eabi/10.3.1/../../../arm-none-eabi/lib/thumb/v6-m/nofp/libc.a(lib_a-malloc.o)
                              CMakeFiles/main.dir/home/administrator/workspace/pico-sdk/src/rp2_common/pico_malloc/pico_malloc.c.obj (malloc)
/usr/lib/gcc/arm-none-eabi/10.3.1/../../../arm-none-eabi/lib/thumb/v6-m/nofp/libc.a(lib_a-mallocr.o)
                              /usr/lib/gcc/arm-none-eabi/10.3.1/../../../arm-none-eabi/lib/thumb/v6-m/nofp/libc.a(lib_a-callocr.o) (_malloc_r)
/usr/lib/gcc/arm-none-eabi/10.3.1/../../../arm-none-eabi/lib/thumb/v6-m/nofp/libc.a(lib_a-mlock.o)
                              /usr/lib/gcc/arm-none-eabi/10.3.1/../../../arm-none-eabi/lib/thumb/v6-m/nofp/libc.a(lib_a-mallocr.o) (__malloc_lock)
/usr/lib/gcc/arm-none-eabi/10.3.1/../../../arm-none-eabi/lib/thumb/v6-m/nofp/libc.a(lib_a-realloc.o)
                              CMakeFiles/main.dir/home/administrator/workspace/pico-sdk/src/rp2_common/pico_malloc/pico_malloc.c.obj (realloc)
/usr/lib/gcc/arm-none-eabi/10.3.1/../../../arm-none-eabi/lib/thumb/v6-m/nofp/libc.a(lib_a-reallocr.o)
                              /usr/lib/gcc/arm-none-eabi/10.3.1/../../../arm-none-eabi/lib/thumb/v6-m/nofp/libc.a(lib_a-realloc.o) (_realloc_r)
/usr/lib/gcc/arm-none-eabi/10.3.1/../../../arm-none-eabi/lib/thumb/v6-m/nofp/libc.a(lib_a-sbrkr.o)
                              /usr/lib/gcc/arm-none-eabi/10.3.1/../../../arm-none-eabi/lib/thumb/v6-m/nofp/libc.a(lib_a-mallocr.o) (_sbrk_r)
/usr/lib/gcc/arm-none-eabi/10.3.1/../../../arm-none-eabi/lib/thumb/v6-m/nofp/libc.a(lib_a-strlen-stub.o)
                              CMakeFiles/main.dir/home/administrator/workspace/pico-sdk/src/rp2_common/pico_stdio/stdio.c.obj (strlen)
/usr/lib/gcc/arm-none-eabi/10.3.1/../../../arm-none-eabi/lib/thumb/v6-m/nofp/libc.a(lib_a-__atexit.o)
                              /usr/lib/gcc/arm-none-eabi/10.3.1/../../../arm-none-eabi/lib/thumb/v6-m/nofp/libc.a(lib_a-atexit.o) (__register_exitproc)
/usr/lib/gcc/arm-none-eabi/10.3.1/../../../arm-none-eabi/lib/thumb/v6-m/nofp/libc.a(lib_a-freer.o)
[...]
Memory Configuration

Name             Origin             Length             Attributes
FLASH            0x0000000010000000 0x0000000000200000 xr
RAM              0x0000000020000000 0x0000000000040000 xrw
SCRATCH_X        0x0000000020040000 0x0000000000001000 xrw
SCRATCH_Y        0x0000000020041000 0x0000000000001000 xrw
*default*        0x0000000000000000 0xffffffffffffffff

Linker script and memory map

LOAD /usr/lib/gcc/arm-none-eabi/10.3.1/thumb/v6-m/nofp/crti.o
LOAD /usr/lib/gcc/arm-none-eabi/10.3.1/thumb/v6-m/nofp/crtbegin.o
LOAD /usr/lib/gcc/arm-none-eabi/10.3.1/../../../arm-none-eabi/lib/thumb/v6-m/nofp/crt0.o

.flash_begin    0x0000000010000000        0x0
                0x0000000010000000                __flash_binary_start = .

.boot2          0x0000000010000000      0x100
                0x0000000010000000                __boot2_start__ = .
 *(.boot2)
 .boot2         0x0000000010000000      0x100 /tmp/ccYNGYLN.o
                0x0000000010000100                __boot2_end__ = .
                0x0000000000000001                ASSERT (((__boot2_end__ - __boot2_start__) == 0x100), ERROR: Pico second stage bootloader must be 256 bytes in size)

.text           0x0000000010000100     0xa7c8
                0x0000000010000100                __logical_binary_start = .
 *(.vectors)
 .vectors       0x0000000010000100       0xd4 CMakeFiles/main.dir/home/administrator/workspace/pico-sdk/src/rp2_common/pico_standard_link/crt0.S.obj
                0x0000000010000100                __vectors
                0x0000000010000100                __VECTOR_TABLE
                0x00000000100001c0                isr_invalid
                0x00000000100001c0                __default_isrs_start
                0x00000000100001c2                isr_nmi
                0x00000000100001c4                isr_hardfault
                0x00000000100001c6                isr_svcall
                0x00000000100001c8                isr_pendsv
                0x00000000100001ca                isr_systick
                0x00000000100001cc                isr_irq30
                0x00000000100001cc                __unhandled_user_irq
                0x00000000100001cc                isr_irq13
                0x00000000100001cc                isr_irq27
                0x00000000100001cc                isr_irq31
                0x00000000100001cc                isr_irq5
                0x00000000100001cc                isr_irq11
                0x00000000100001cc                isr_irq23
                0x00000000100001cc                isr_irq18
                0x00000000100001cc                isr_irq28
                0x00000000100001cc                isr_irq19
                0x00000000100001cc                isr_irq0
                0x00000000100001cc                isr_irq6
                0x00000000100001cc                isr_irq22
                0x00000000100001cc                isr_irq17
                0x00000000100001cc                isr_irq14
                0x00000000100001cc                isr_irq2
                0x00000000100001cc                isr_irq10
                0x00000000100001cc                isr_irq8
                0x00000000100001cc                isr_irq24
                0x00000000100001cc                isr_irq1
                0x00000000100001cc                isr_irq7
                0x00000000100001cc                isr_irq21
                0x00000000100001cc                isr_irq20
                0x00000000100001cc                isr_irq15
                0x00000000100001cc                isr_irq25
                0x00000000100001cc                isr_irq4
                0x00000000100001cc                isr_irq16
                0x00000000100001cc                isr_irq29
                0x00000000100001cc                isr_irq26
                0x00000000100001cc                __default_isrs_end
                0x00000000100001cc                isr_irq3
                0x00000000100001cc                isr_irq12
                0x00000000100001cc                isr_irq9
                0x00000000100001d2                unhandled_user_irq_num_in_r0
 *(.binary_info_header)
 .binary_info_header
                0x00000000100001d4       0x14 CMakeFiles/main.dir/home/administrator/workspace/pico-sdk/src/rp2_common/pico_standard_link/crt0.S.obj
                0x00000000100001e8                __binary_info_header_end = .
 *(.reset)
 .reset         0x00000000100001e8       0xa8 CMakeFiles/main.dir/home/administrator/workspace/pico-sdk/src/rp2_common/pico_standard_link/crt0.S.obj
                0x00000000100001e8                _entry_point
                0x0000000010000266                __get_current_exception
 .reset         0x0000000010000290       0x30 CMakeFiles/main.dir/home/administrator/workspace/pico-sdk/src/rp2_common/pico_standard_link/binary_info.c.obj
 *(.init)
 .init          0x00000000100002c0        0x4 /usr/lib/gcc/arm-none-eabi/10.3.1/thumb/v6-m/nofp/crti.o
                0x00000000100002c0                _init
 *(EXCLUDE_FILE(*libm.a: *libc.a:*lib_a-mem*.o *libgcc.a:) .text*)
 .text          0x00000000100002c4       0x98 /usr/lib/gcc/arm-none-eabi/10.3.1/thumb/v6-m/nofp/crtbegin.o
 .text.startup.main
                0x000000001000035c        0xc CMakeFiles/main.dir/main.c.obj
                0x000000001000035c                main
 .text.gpio_set_function
                0x0000000010000368       0x30 CMakeFiles/main.dir/home/administrator/workspace/pico-sdk/src/rp2_common/hardware_gpio/gpio.c.obj
                0x0000000010000368                gpio_set_function
 .text.gpio_set_pulls
                0x0000000010000398       0x30 CMakeFiles/main.dir/home/administrator/workspace/pico-sdk/src/rp2_common/hardware_gpio/gpio.c.obj
                0x0000000010000398                gpio_set_pulls
 .text.gpio_init
                0x00000000100003c8       0x3c CMakeFiles/main.dir/home/administrator/workspace/pico-sdk/src/rp2_common/hardware_gpio/gpio.c.obj
                0x00000000100003c8                gpio_init
 .text.hw_claim_or_assert
                0x0000000010000404       0x44 CMakeFiles/main.dir/home/administrator/workspace/pico-sdk/src/rp2_common/hardware_claim/claim.c.obj
                0x0000000010000404                hw_claim_or_assert
 .text.hw_claim_unused_from_range
                0x0000000010000448       0x9c CMakeFiles/main.dir/home/administrator/workspace/pico-sdk/src/rp2_common/hardware_claim/claim.c.obj
                0x0000000010000448                hw_claim_unused_from_range
 .text.running_on_fpga
                0x00000000100004e4       0x10 CMakeFiles/main.dir/home/administrator/workspace/pico-sdk/src/rp2_common/pico_platform/platform.c.obj
                0x00000000100004e4                running_on_fpga
 .text.spin_locks_reset
                0x00000000100004f4       0x1c CMakeFiles/main.dir/home/administrator/workspace/pico-sdk/src/rp2_common/hardware_sync/sync.c.obj
                0x00000000100004f4                spin_locks_reset
 .text.next_striped_spin_lock_num
                0x0000000010000510       0x18 CMakeFiles/main.dir/home/administrator/workspace/pico-sdk/src/rp2_common/hardware_sync/sync.c.obj
                0x0000000010000510                next_striped_spin_lock_num
 .text.spin_lock_claim_unused
                0x0000000010000528       0x20 CMakeFiles/main.dir/home/administrator/workspace/pico-sdk/src/rp2_common/hardware_sync/sync.c.obj
                0x0000000010000528                spin_lock_claim_unused
 .text.irq_set_enabled
                0x0000000010000548       0x24 CMakeFiles/main.dir/home/administrator/workspace/pico-sdk/src/rp2_common/hardware_irq/irq.c.obj
                0x0000000010000548                irq_set_enabled
 .text.irq_set_pending
                0x000000001000056c       0x10 CMakeFiles/main.dir/home/administrator/workspace/pico-sdk/src/rp2_common/hardware_irq/irq.c.obj
                0x000000001000056c                irq_set_pending
 .text.irq_has_shared_handler
                0x000000001000057c       0x2c CMakeFiles/main.dir/home/administrator/workspace/pico-sdk/src/rp2_common/hardware_irq/irq.c.obj
                0x000000001000057c                irq_has_shared_handler
 .text.irq_get_vtable_handler
                0x00000000100005a8       0x10 CMakeFiles/main.dir/home/administrator/workspace/pico-sdk/src/rp2_common/hardware_irq/irq.c.obj
                0x00000000100005a8                irq_get_vtable_handler
 .text.irq_set_exclusive_handler
                0x00000000100005b8       0x54 CMakeFiles/main.dir/home/administrator/workspace/pico-sdk/src/rp2_common/hardware_irq/irq.c.obj
                0x00000000100005b8                irq_set_exclusive_handler
 .text.irq_add_shared_handler
                0x000000001000060c      0x1e4 CMakeFiles/main.dir/home/administrator/workspace/pico-sdk/src/rp2_common/hardware_irq/irq.c.obj
                0x000000001000060c                irq_add_shared_handler
 .text.irq_remove_handler
                0x00000000100007f0      0x1b4 CMakeFiles/main.dir/home/administrator/workspace/pico-sdk/src/rp2_common/hardware_irq/irq.c.obj
                0x00000000100007f0                irq_remove_handler
 .text.irq_add_tail_to_free_list
                0x00000000100009a4       0xb4 CMakeFiles/main.dir/home/administrator/workspace/pico-sdk/src/rp2_common/hardware_irq/irq.c.obj
                0x00000000100009a4                irq_add_tail_to_free_list
 .text.irq_init_priorities
                0x0000000010000a58       0x24 CMakeFiles/main.dir/home/administrator/workspace/pico-sdk/src/rp2_common/hardware_irq/irq.c.obj
                0x0000000010000a58                irq_init_priorities
 .text.user_irq_claim_unused
                0x0000000010000a7c       0x30 CMakeFiles/main.dir/home/administrator/workspace/pico-sdk/src/rp2_common/hardware_irq/irq.c.obj
                0x0000000010000a7c                user_irq_claim_unused
 .text.lock_init
                0x0000000010000aac       0x10 CMakeFiles/main.dir/home/administrator/workspace/pico-sdk/src/common/pico_sync/lock_core.c.obj
                0x0000000010000aac                lock_init
 .text.timer_pool_entry_comparator
                0x0000000010000abc       0x34 CMakeFiles/main.dir/home/administrator/workspace/pico-sdk/src/common/pico_time/time.c.obj
                0x0000000010000abc                timer_pool_entry_comparator
 .text.sleep_until_callback
                0x0000000010000af0       0x30 CMakeFiles/main.dir/home/administrator/workspace/pico-sdk/src/common/pico_time/time.c.obj
 .text.add_alarm_under_lock.isra.0
                0x0000000010000b20      0x100 CMakeFiles/main.dir/home/administrator/workspace/pico-sdk/src/common/pico_time/time.c.obj
 .text.alarm_pool_alarm_callback
                0x0000000010000c20      0x1c8 CMakeFiles/main.dir/home/administrator/workspace/pico-sdk/src/common/pico_time/time.c.obj
 .text.alarm_pool_add_alarm_at.constprop.0
                0x0000000010000de8      0x11c CMakeFiles/main.dir/home/administrator/workspace/pico-sdk/src/common/pico_time/time.c.obj
 .text.alarm_pool_init_default
                0x0000000010000f04       0x64 CMakeFiles/main.dir/home/administrator/workspace/pico-sdk/src/common/pico_time/time.c.obj
                0x0000000010000f04                alarm_pool_init_default
 .text.alarm_pool_get_default
                0x0000000010000f68        0x8 CMakeFiles/main.dir/home/administrator/workspace/pico-sdk/src/common/pico_time/time.c.obj
                0x0000000010000f68                alarm_pool_get_default
 .text.alarm_pool_add_alarm_at
                0x0000000010000f70      0x194 CMakeFiles/main.dir/home/administrator/workspace/pico-sdk/src/common/pico_time/time.c.obj
                0x0000000010000f70                alarm_pool_add_alarm_at
 .text.sleep_until
                0x0000000010001104       0xac CMakeFiles/main.dir/home/administrator/workspace/pico-sdk/src/common/pico_time/time.c.obj
                0x0000000010001104                sleep_until
 .text.sleep_ms
                0x00000000100011b0       0x38 CMakeFiles/main.dir/home/administrator/workspace/pico-sdk/src/common/pico_time/time.c.obj
                0x00000000100011b0                sleep_ms
 .text.best_effort_wfe_or_timeout
                0x00000000100011e8       0xd4 CMakeFiles/main.dir/home/administrator/workspace/pico-sdk/src/common/pico_time/time.c.obj
                0x00000000100011e8                best_effort_wfe_or_timeout
 .text.hardware_alarm_irq_handler
                0x00000000100012bc       0xb8 CMakeFiles/main.dir/home/administrator/workspace/pico-sdk/src/rp2_common/hardware_timer/timer.c.obj
 .text.hardware_alarm_claim
                0x0000000010001374       0x18 CMakeFiles/main.dir/home/administrator/workspace/pico-sdk/src/rp2_common/hardware_timer/timer.c.obj
                0x0000000010001374                hardware_alarm_claim
 .text.time_us_64
                0x000000001000138c       0x14 CMakeFiles/main.dir/home/administrator/workspace/pico-sdk/src/rp2_common/hardware_timer/timer.c.obj
                0x000000001000138c                time_us_64
 .text.busy_wait_until
                0x00000000100013a0       0x20 CMakeFiles/main.dir/home/administrator/workspace/pico-sdk/src/rp2_common/hardware_timer/timer.c.obj
                0x00000000100013a0                busy_wait_until
 .text.hardware_alarm_set_callback
                0x00000000100013c0       0x8c CMakeFiles/main.dir/home/administrator/workspace/pico-sdk/src/rp2_common/hardware_timer/timer.c.obj
                0x00000000100013c0                hardware_alarm_set_callback
 .text.hardware_alarm_set_target
                0x000000001000144c       0xe0 CMakeFiles/main.dir/home/administrator/workspace/pico-sdk/src/rp2_common/hardware_timer/timer.c.obj
                0x000000001000144c                hardware_alarm_set_target
 .text.hardware_alarm_cancel
                0x000000001000152c       0x3c CMakeFiles/main.dir/home/administrator/workspace/pico-sdk/src/rp2_common/hardware_timer/timer.c.obj
                0x000000001000152c                hardware_alarm_cancel
 .text.ph_merge_nodes
                0x0000000010001568       0x68 CMakeFiles/main.dir/home/administrator/workspace/pico-sdk/src/common/pico_util/pheap.c.obj
 .text.ph_post_alloc_init
                0x00000000100015d0       0x3c CMakeFiles/main.dir/home/administrator/workspace/pico-sdk/src/common/pico_util/pheap.c.obj
                0x00000000100015d0                ph_post_alloc_init
 .text.ph_merge_two_pass
                0x000000001000160c       0x90 CMakeFiles/main.dir/home/administrator/workspace/pico-sdk/src/common/pico_util/pheap.c.obj
                0x000000001000160c                ph_merge_two_pass
 .text.ph_remove_any_head
                0x000000001000169c       0xf8 CMakeFiles/main.dir/home/administrator/workspace/pico-sdk/src/common/pico_util/pheap.c.obj
 .text.ph_remove_head
                0x0000000010001794       0xfc CMakeFiles/main.dir/home/administrator/workspace/pico-sdk/src/common/pico_util/pheap.c.obj
                0x0000000010001794                ph_remove_head
 .text.ph_remove_and_free_node
                0x0000000010001890       0x7c CMakeFiles/main.dir/home/administrator/workspace/pico-sdk/src/common/pico_util/pheap.c.obj
                0x0000000010001890                ph_remove_and_free_node
 .text.mutex_init
                0x000000001000190c       0x1c CMakeFiles/main.dir/home/administrator/workspace/pico-sdk/src/common/pico_sync/mutex.c.obj
                0x000000001000190c                mutex_init
 .text.recursive_mutex_init
                0x0000000010001928       0x1c CMakeFiles/main.dir/home/administrator/workspace/pico-sdk/src/common/pico_sync/mutex.c.obj
                0x0000000010001928                recursive_mutex_init
 .text.critical_section_init
                0x0000000010001944       0x20 CMakeFiles/main.dir/home/administrator/workspace/pico-sdk/src/common/pico_sync/critical_section.c.obj
                0x0000000010001944                critical_section_init
 .text.uart_init
                0x0000000010001964       0xe0 CMakeFiles/main.dir/home/administrator/workspace/pico-sdk/src/rp2_common/hardware_uart/uart.c.obj
                0x0000000010001964                uart_init
 .text.runtime_init
                0x0000000010001a44       0xf0 CMakeFiles/main.dir/home/administrator/workspace/pico-sdk/src/rp2_common/pico_runtime/runtime.c.obj
                0x0000000010001a44                runtime_init
 .text._sbrk    0x0000000010001b34       0x34 CMakeFiles/main.dir/home/administrator/workspace/pico-sdk/src/rp2_common/pico_runtime/runtime.c.obj
                0x0000000010001b34                _sbrk
 .text.exit     0x0000000010001b68        0x4 CMakeFiles/main.dir/home/administrator/workspace/pico-sdk/src/rp2_common/pico_runtime/runtime.c.obj
                0x0000000010001b68                exit
 .text.panic    0x0000000010001b6c       0x30 CMakeFiles/main.dir/home/administrator/workspace/pico-sdk/src/rp2_common/pico_runtime/runtime.c.obj
                0x0000000010001b6c                panic
 .text.hard_assertion_failure
                0x0000000010001b9c        0xc CMakeFiles/main.dir/home/administrator/workspace/pico-sdk/src/rp2_common/pico_runtime/runtime.c.obj
                0x0000000010001b9c                hard_assertion_failure
 .text.clocks_init
                0x0000000010001ba8      0x2bc CMakeFiles/main.dir/home/administrator/workspace/pico-sdk/src/rp2_common/hardware_clocks/clocks.c.obj
                0x0000000010001ba8                clocks_init
 .text.clock_get_hz
                0x0000000010001e64        0xc CMakeFiles/main.dir/home/administrator/workspace/pico-sdk/src/rp2_common/hardware_clocks/clocks.c.obj
                0x0000000010001e64                clock_get_hz
 .text.pll_init
                0x0000000010001e70       0xb0 CMakeFiles/main.dir/home/administrator/workspace/pico-sdk/src/rp2_common/hardware_pll/pll.c.obj
                0x0000000010001e70                pll_init
 .text.watchdog_start_tick
                0x0000000010001f20       0x10 CMakeFiles/main.dir/home/administrator/workspace/pico-sdk/src/rp2_common/hardware_watchdog/watchdog.c.obj
                0x0000000010001f20                watchdog_start_tick
 .text.watchdog_reboot
                0x0000000010001f30       0x98 CMakeFiles/main.dir/home/administrator/workspace/pico-sdk/src/rp2_common/hardware_watchdog/watchdog.c.obj
                0x0000000010001f30                watchdog_reboot
 .text.xosc_init
                0x0000000010001fc8       0x28 CMakeFiles/main.dir/home/administrator/workspace/pico-sdk/src/rp2_common/hardware_xosc/xosc.c.obj
                0x0000000010001fc8                xosc_init
 .text._out_null
                0x0000000010001ff0        0x4 CMakeFiles/main.dir/home/administrator/workspace/pico-sdk/src/rp2_common/pico_printf/printf.c.obj
 .text._out_rev
                0x0000000010001ff4       0x9c CMakeFiles/main.dir/home/administrator/workspace/pico-sdk/src/rp2_common/pico_printf/printf.c.obj
 .text._ntoa_format
                0x0000000010002090      0x1cc CMakeFiles/main.dir/home/administrator/workspace/pico-sdk/src/rp2_common/pico_printf/printf.c.obj
 .text._out_char
                0x000000001000225c       0x10 CMakeFiles/main.dir/home/administrator/workspace/pico-sdk/src/rp2_common/pico_printf/printf.c.obj
 .text._out_fct
                0x000000001000226c       0x10 CMakeFiles/main.dir/home/administrator/workspace/pico-sdk/src/rp2_common/pico_printf/printf.c.obj
 .text._etoa    0x000000001000227c      0x44c CMakeFiles/main.dir/home/administrator/workspace/pico-sdk/src/rp2_common/pico_printf/printf.c.obj
 .text._ftoa    0x00000000100026c8      0x398 CMakeFiles/main.dir/home/administrator/workspace/pico-sdk/src/rp2_common/pico_printf/printf.c.obj
 .text._vsnprintf
                0x0000000010002a60      0xb04 CMakeFiles/main.dir/home/administrator/workspace/pico-sdk/src/rp2_common/pico_printf/printf.c.obj
 .text.vfctprintf
                0x0000000010003564       0x20 CMakeFiles/main.dir/home/administrator/workspace/pico-sdk/src/rp2_common/pico_printf/printf.c.obj
                0x0000000010003564                vfctprintf
 .text.weak_raw_vprintf
                0x0000000010003584       0x30 CMakeFiles/main.dir/home/administrator/workspace/pico-sdk/src/rp2_common/pico_printf/printf.c.obj
                0x0000000010003584                weak_raw_vprintf
 .text          0x00000000100035b4       0x10 CMakeFiles/main.dir/home/administrator/workspace/pico-sdk/src/rp2_common/pico_bit_ops/bit_ops_aeabi.S.obj
 .text.rom_func_lookup
                0x00000000100035c4       0x10 CMakeFiles/main.dir/home/administrator/workspace/pico-sdk/src/rp2_common/pico_bootrom/bootrom.c.obj
                0x00000000100035c4                rom_func_lookup
 .text.rom_data_lookup
                0x00000000100035d4       0x10 CMakeFiles/main.dir/home/administrator/workspace/pico-sdk/src/rp2_common/pico_bootrom/bootrom.c.obj
                0x00000000100035d4                rom_data_lookup
 .text.rom_funcs_lookup
                0x00000000100035e4       0x44 CMakeFiles/main.dir/home/administrator/workspace/pico-sdk/src/rp2_common/pico_bootrom/bootrom.c.obj
                0x00000000100035e4                rom_funcs_lookup
 .text.__wrap___aeabi_idiv
                0x0000000010003628       0x50 CMakeFiles/main.dir/home/administrator/workspace/pico-sdk/src/rp2_common/pico_divider/divider.S.obj
                0x0000000010003628                __wrap___aeabi_idivmod
                0x0000000010003628                divmod_s32s32
                0x0000000010003628                div_s32s32
                0x0000000010003628                __wrap___aeabi_idiv
                0x0000000010003630                divmod_s32s32_unsafe
                0x000000001000365c                divmod_s32s32_savestate
 .text.__wrap___aeabi_uidiv
                0x0000000010003678       0x4c CMakeFiles/main.dir/home/administrator/workspace/pico-sdk/src/rp2_common/pico_divider/divider.S.obj
                0x0000000010003678                __wrap___aeabi_uidiv
                0x0000000010003678                __wrap___aeabi_uidivmod
                0x0000000010003678                div_u32u32
                0x0000000010003678                divmod_u32u32
                0x0000000010003680                divmod_u32u32_unsafe
                0x00000000100036a8                divmod_u32u32_savestate
 .text.__wrap___aeabi_ldiv
                0x00000000100036c4      0x434 CMakeFiles/main.dir/home/administrator/workspace/pico-sdk/src/rp2_common/pico_divider/divider.S.obj
                0x00000000100036c4                div_s64s64
                0x00000000100036c4                divmod_s64s64
                0x00000000100036c4                __wrap___aeabi_ldivmod
                0x00000000100036fc                div_u64u64
                0x00000000100036fc                divmod_u64u64
                0x00000000100036fc                __wrap___aeabi_uldivmod
                0x000000001000370c                divmod_u64u64_savestate
                0x0000000010003734                divmod_s64s64_unsafe
                0x00000000100037bc                divmod_u64u64_unsafe
 .text.__wrap___aeabi_darithmetic
                0x0000000010003af8       0x80 CMakeFiles/main.dir/home/administrator/workspace/pico-sdk/src/rp2_common/pico_double/double_aeabi.S.obj
                0x0000000010003af8                __wrap___aeabi_drsub
                0x0000000010003afe                __wrap___aeabi_dsub
                0x0000000010003b10                __wrap___aeabi_dadd
                0x0000000010003b22                __wrap___aeabi_ddiv
                0x0000000010003b5e                __wrap___aeabi_dmul
 .text.__wrap___aeabi_cdcmple
                0x0000000010003b78       0x6c CMakeFiles/main.dir/home/administrator/workspace/pico-sdk/src/rp2_common/pico_double/double_aeabi.S.obj
                0x0000000010003b78                __wrap___aeabi_cdrcmple
                0x0000000010003b88                __wrap___aeabi_cdcmple
                0x0000000010003b88                __wrap___aeabi_cdcmpeq
 .text.__wrap___aeabi_dcmplt
                0x0000000010003be4        0xc CMakeFiles/main.dir/home/administrator/workspace/pico-sdk/src/rp2_common/pico_double/double_aeabi.S.obj
                0x0000000010003be4                __wrap___aeabi_dcmplt
 .text.__wrap___aeabi_dcmple
                0x0000000010003bf0       0x10 CMakeFiles/main.dir/home/administrator/workspace/pico-sdk/src/rp2_common/pico_double/double_aeabi.S.obj
                0x0000000010003bf0                __wrap___aeabi_dcmple
 .text.__wrap___aeabi_dcmpge
                0x0000000010003c00       0x10 CMakeFiles/main.dir/home/administrator/workspace/pico-sdk/src/rp2_common/pico_double/double_aeabi.S.obj
                0x0000000010003c00                __wrap___aeabi_dcmpge
 .text.__wrap___aeabi_dcmpgt
                0x0000000010003c10        0xa CMakeFiles/main.dir/home/administrator/workspace/pico-sdk/src/rp2_common/pico_double/double_aeabi.S.obj
                0x0000000010003c10                __wrap___aeabi_dcmpgt
 .text.__wrap___aeabi_dcmpun
                0x0000000010003c1a       0x1c CMakeFiles/main.dir/home/administrator/workspace/pico-sdk/src/rp2_common/pico_double/double_aeabi.S.obj
                0x0000000010003c1a                __wrap___aeabi_dcmpun
 *fill*         0x0000000010003c36        0x2 
 .text.__wrap___aeabi_i2d
                0x0000000010003c38       0x38 CMakeFiles/main.dir/home/administrator/workspace/pico-sdk/src/rp2_common/pico_double/double_aeabi.S.obj
                0x0000000010003c38                __wrap___aeabi_ui2d
                0x0000000010003c40                __wrap___aeabi_i2d
 .text.__wrap___aeabi_d2iz
                0x0000000010003c70       0x48 CMakeFiles/main.dir/home/administrator/workspace/pico-sdk/src/rp2_common/pico_double/double_aeabi.S.obj
                0x0000000010003c70                __wrap___aeabi_d2iz
                0x0000000010003c70                double2int_z
 .text.__wrap___aeabi_d2uiz
                0x0000000010003cb8       0x18 CMakeFiles/main.dir/home/administrator/workspace/pico-sdk/src/rp2_common/pico_double/double_aeabi.S.obj
                0x0000000010003cb8                double2uint
                0x0000000010003cb8                __wrap___aeabi_d2uiz
 .text.__aeabi_double_init
                0x0000000010003cd0       0x94 CMakeFiles/main.dir/home/administrator/workspace/pico-sdk/src/rp2_common/pico_double/double_init_rom.c.obj
                0x0000000010003cd0                __aeabi_double_init
 .text.double_table_shim_on_use_helper
                0x0000000010003d64       0x2c CMakeFiles/main.dir/home/administrator/workspace/pico-sdk/src/rp2_common/pico_double/double_v1_rom_shim.S.obj
                0x0000000010003d64                double_table_shim_on_use_helper
 .text.__wrap___aeabi_dsub
                0x0000000010003d90       0x10 CMakeFiles/main.dir/home/administrator/workspace/pico-sdk/src/rp2_common/pico_double/double_v1_rom_shim.S.obj
                0x0000000010003d90                drsub_shim
                0x0000000010003d96                dsub_shim
 .text.dadd_shim
                0x0000000010003da0      0x15c CMakeFiles/main.dir/home/administrator/workspace/pico-sdk/src/rp2_common/pico_double/double_v1_rom_shim.S.obj
                0x0000000010003da0                dadd_shim
 .text.dmul_shim
                0x0000000010003efc      0x15c CMakeFiles/main.dir/home/administrator/workspace/pico-sdk/src/rp2_common/pico_double/double_v1_rom_shim.S.obj
                0x0000000010003efc                dmul_shim
 .text.ddiv_shim
                0x0000000010004058      0x1b0 CMakeFiles/main.dir/home/administrator/workspace/pico-sdk/src/rp2_common/pico_double/double_v1_rom_shim.S.obj
                0x0000000010004058                ddiv_shim
 .text.double2uint_shim
                0x0000000010004208        0xe CMakeFiles/main.dir/home/administrator/workspace/pico-sdk/src/rp2_common/pico_double/double_v1_rom_shim.S.obj
                0x0000000010004208                double2uint_shim
                0x000000001000420a                double2ufix_shim
 *fill*         0x0000000010004216        0x2 
 .text.double2uint64_shim
                0x0000000010004218       0x70 CMakeFiles/main.dir/home/administrator/workspace/pico-sdk/src/rp2_common/pico_double/double_v1_rom_shim.S.obj
                0x0000000010004218                double2uint64_shim
                0x000000001000421a                double2ufix64_shim
                0x000000001000423a                d2fix_a
 .text.dunpacks
                0x0000000010004288       0x3c CMakeFiles/main.dir/home/administrator/workspace/pico-sdk/src/rp2_common/pico_double/double_v1_rom_shim.S.obj
                0x0000000010004288                dunpacks
 .text.__aeabi_lmul
                0x00000000100042c4       0x32 CMakeFiles/main.dir/home/administrator/workspace/pico-sdk/src/rp2_common/pico_int64_ops/pico_int64_ops_aeabi.S.obj
                0x00000000100042c4                __wrap___aeabi_lmul
 *fill*         0x00000000100042f6        0x2 
 .text.__aeabi_float_init
                0x00000000100042f8       0x64 CMakeFiles/main.dir/home/administrator/workspace/pico-sdk/src/rp2_common/pico_float/float_init_rom.c.obj
                0x00000000100042f8                __aeabi_float_init
 .text.float_table_shim_on_use_helper
                0x000000001000435c       0x2c CMakeFiles/main.dir/home/administrator/workspace/pico-sdk/src/rp2_common/pico_float/float_v1_rom_shim.S.obj
                0x000000001000435c                float_table_shim_on_use_helper
 .text.__wrap_malloc
                0x0000000010004388       0x24 CMakeFiles/main.dir/home/administrator/workspace/pico-sdk/src/rp2_common/pico_malloc/pico_malloc.c.obj
                0x0000000010004388                __wrap_malloc
 .text          0x00000000100043ac       0x10 CMakeFiles/main.dir/home/administrator/workspace/pico-sdk/src/rp2_common/pico_mem_ops/mem_ops_aeabi.S.obj
                0x00000000100043ac                __aeabi_mem_init
 .text.memset   0x00000000100043bc        0xc CMakeFiles/main.dir/home/administrator/workspace/pico-sdk/src/rp2_common/pico_mem_ops/mem_ops_aeabi.S.obj
                0x00000000100043bc                __wrap_memset
 .text.memcpy   0x00000000100043c8        0xc CMakeFiles/main.dir/home/administrator/workspace/pico-sdk/src/rp2_common/pico_mem_ops/mem_ops_aeabi.S.obj
                0x00000000100043c8                __wrap___aeabi_memcpy
                0x00000000100043c8                __wrap_memcpy
 .text.stdio_out_chars_no_crlf
                0x00000000100043d4       0x10 CMakeFiles/main.dir/home/administrator/workspace/pico-sdk/src/rp2_common/pico_stdio/stdio.c.obj
 .text.stdio_out_chars_crlf
                0x00000000100043e4       0xb4 CMakeFiles/main.dir/home/administrator/workspace/pico-sdk/src/rp2_common/pico_stdio/stdio.c.obj
 .text.stdio_buffered_printer
                0x0000000010004498       0x64 CMakeFiles/main.dir/home/administrator/workspace/pico-sdk/src/rp2_common/pico_stdio/stdio.c.obj
 .text.stdio_put_string.isra.0
                0x00000000100044fc       0xfc CMakeFiles/main.dir/home/administrator/workspace/pico-sdk/src/rp2_common/pico_stdio/stdio.c.obj
 .text.__wrap_putchar
                0x00000000100045f8       0xa0 CMakeFiles/main.dir/home/administrator/workspace/pico-sdk/src/rp2_common/pico_stdio/stdio.c.obj
                0x00000000100045f8                __wrap_putchar
 .text.__wrap_puts
                0x0000000010004698       0x3c CMakeFiles/main.dir/home/administrator/workspace/pico-sdk/src/rp2_common/pico_stdio/stdio.c.obj
                0x0000000010004698                __wrap_puts
 .text.stdio_set_driver_enabled
                0x00000000100046d4       0x30 CMakeFiles/main.dir/home/administrator/workspace/pico-sdk/src/rp2_common/pico_stdio/stdio.c.obj
                0x00000000100046d4                stdio_set_driver_enabled
 .text.__wrap_vprintf
                0x0000000010004704       0xd8 CMakeFiles/main.dir/home/administrator/workspace/pico-sdk/src/rp2_common/pico_stdio/stdio.c.obj
                0x0000000010004704                __wrap_vprintf
 .text.__wrap_printf
                0x00000000100047dc       0x18 CMakeFiles/main.dir/home/administrator/workspace/pico-sdk/src/rp2_common/pico_stdio/stdio.c.obj
                0x00000000100047dc                __wrap_printf
 .text.stdio_init_all
                0x00000000100047f4        0xc CMakeFiles/main.dir/home/administrator/workspace/pico-sdk/src/rp2_common/pico_stdio/stdio.c.obj
                0x00000000100047f4                stdio_init_all
 .text.stdio_uart_out_chars
                0x0000000010004800       0x4c CMakeFiles/main.dir/home/administrator/workspace/pico-sdk/src/rp2_common/pico_stdio_uart/stdio_uart.c.obj
 .text.stdio_uart_in_chars
                0x000000001000484c       0x38 CMakeFiles/main.dir/home/administrator/workspace/pico-sdk/src/rp2_common/pico_stdio_uart/stdio_uart.c.obj
                0x000000001000484c                stdio_uart_in_chars
 .text.stdio_uart_init
                0x0000000010004884       0x48 CMakeFiles/main.dir/home/administrator/workspace/pico-sdk/src/rp2_common/pico_stdio_uart/stdio_uart.c.obj
                0x0000000010004884                stdio_uart_init
 .text.resetd_init
                0x00000000100048cc        0x4 CMakeFiles/main.dir/home/administrator/workspace/pico-sdk/src/rp2_common/pico_stdio_usb/reset_interface.c.obj
 .text.resetd_reset
                0x00000000100048d0        0xc CMakeFiles/main.dir/home/administrator/workspace/pico-sdk/src/rp2_common/pico_stdio_usb/reset_interface.c.obj
 .text.resetd_open
                0x00000000100048dc       0x28 CMakeFiles/main.dir/home/administrator/workspace/pico-sdk/src/rp2_common/pico_stdio_usb/reset_interface.c.obj
 .text.resetd_xfer_cb
                0x0000000010004904        0x4 CMakeFiles/main.dir/home/administrator/workspace/pico-sdk/src/rp2_common/pico_stdio_usb/reset_interface.c.obj
 .text.resetd_control_xfer_cb
                0x0000000010004908       0x64 CMakeFiles/main.dir/home/administrator/workspace/pico-sdk/src/rp2_common/pico_stdio_usb/reset_interface.c.obj
 .text.usbd_app_driver_get_cb
                0x000000001000496c        0xc CMakeFiles/main.dir/home/administrator/workspace/pico-sdk/src/rp2_common/pico_stdio_usb/reset_interface.c.obj
                0x000000001000496c                usbd_app_driver_get_cb
 .text.tud_cdc_line_coding_cb
                0x0000000010004978       0x34 CMakeFiles/main.dir/home/administrator/workspace/pico-sdk/src/rp2_common/pico_stdio_usb/reset_interface.c.obj
                0x0000000010004978                tud_cdc_line_coding_cb
 .text.stdio_usb_in_chars
                0x00000000100049ac       0x68 CMakeFiles/main.dir/home/administrator/workspace/pico-sdk/src/rp2_common/pico_stdio_usb/stdio_usb.c.obj
                0x00000000100049ac                stdio_usb_in_chars
 .text.stdio_usb_out_chars
                0x0000000010004a14       0xe4 CMakeFiles/main.dir/home/administrator/workspace/pico-sdk/src/rp2_common/pico_stdio_usb/stdio_usb.c.obj
 .text.timer_task
                0x0000000010004af8       0x18 CMakeFiles/main.dir/home/administrator/workspace/pico-sdk/src/rp2_common/pico_stdio_usb/stdio_usb.c.obj
 .text.usb_irq  0x0000000010004b10       0x10 CMakeFiles/main.dir/home/administrator/workspace/pico-sdk/src/rp2_common/pico_stdio_usb/stdio_usb.c.obj
 .text.low_priority_worker_irq
                0x0000000010004b20       0x24 CMakeFiles/main.dir/home/administrator/workspace/pico-sdk/src/rp2_common/pico_stdio_usb/stdio_usb.c.obj
 .text.stdio_usb_init
                0x0000000010004b44       0xb0 CMakeFiles/main.dir/home/administrator/workspace/pico-sdk/src/rp2_common/pico_stdio_usb/stdio_usb.c.obj
                0x0000000010004b44                stdio_usb_init
 .text.tud_descriptor_device_cb
                0x0000000010004bf4        0x8 CMakeFiles/main.dir/home/administrator/workspace/pico-sdk/src/rp2_common/pico_stdio_usb/stdio_usb_descriptors.c.obj
                0x0000000010004bf4                tud_descriptor_device_cb
 .text.tud_descriptor_configuration_cb
                0x0000000010004bfc        0x8 CMakeFiles/main.dir/home/administrator/workspace/pico-sdk/src/rp2_common/pico_stdio_usb/stdio_usb_descriptors.c.obj
                0x0000000010004bfc                tud_descriptor_configuration_cb
 .text.tud_descriptor_string_cb
                0x0000000010004c04       0x74 CMakeFiles/main.dir/home/administrator/workspace/pico-sdk/src/rp2_common/pico_stdio_usb/stdio_usb_descriptors.c.obj
                0x0000000010004c04                tud_descriptor_string_cb
 .text.dcd_rp2040_irq
                0x0000000010004c78      0x21c CMakeFiles/main.dir/home/administrator/workspace/pico-sdk/lib/tinyusb/src/portable/raspberrypi/rp2040/dcd_rp2040.c.obj
 .text.dcd_int_enable
                0x0000000010004e94        0xc CMakeFiles/main.dir/home/administrator/workspace/pico-sdk/lib/tinyusb/src/portable/raspberrypi/rp2040/dcd_rp2040.c.obj
                0x0000000010004e94                dcd_int_enable
 .text.dcd_set_address
                0x0000000010004ea0       0x14 CMakeFiles/main.dir/home/administrator/workspace/pico-sdk/lib/tinyusb/src/portable/raspberrypi/rp2040/dcd_rp2040.c.obj
                0x0000000010004ea0                dcd_set_address
 .text.dcd_connect
                0x0000000010004eb4       0x10 CMakeFiles/main.dir/home/administrator/workspace/pico-sdk/lib/tinyusb/src/portable/raspberrypi/rp2040/dcd_rp2040.c.obj
                0x0000000010004eb4                dcd_connect
 .text.dcd_init
                0x0000000010004ec4      0x144 CMakeFiles/main.dir/home/administrator/workspace/pico-sdk/lib/tinyusb/src/portable/raspberrypi/rp2040/dcd_rp2040.c.obj
                0x0000000010004ec4                dcd_init
 .text.dcd_edpt0_status_complete
                0x0000000010005008       0x1c CMakeFiles/main.dir/home/administrator/workspace/pico-sdk/lib/tinyusb/src/portable/raspberrypi/rp2040/dcd_rp2040.c.obj
                0x0000000010005008                dcd_edpt0_status_complete
 .text.dcd_edpt_open
                0x0000000010005024       0xf0 CMakeFiles/main.dir/home/administrator/workspace/pico-sdk/lib/tinyusb/src/portable/raspberrypi/rp2040/dcd_rp2040.c.obj
                0x0000000010005024                dcd_edpt_open
 .text.dcd_edpt_close_all
                0x0000000010005114       0xbc CMakeFiles/main.dir/home/administrator/workspace/pico-sdk/lib/tinyusb/src/portable/raspberrypi/rp2040/dcd_rp2040.c.obj
                0x0000000010005114                dcd_edpt_close_all
 .text.dcd_edpt_xfer
                0x00000000100051d0       0x24 CMakeFiles/main.dir/home/administrator/workspace/pico-sdk/lib/tinyusb/src/portable/raspberrypi/rp2040/dcd_rp2040.c.obj
                0x00000000100051d0                dcd_edpt_xfer
 .text.dcd_edpt_stall
                0x00000000100051f4       0x38 CMakeFiles/main.dir/home/administrator/workspace/pico-sdk/lib/tinyusb/src/portable/raspberrypi/rp2040/dcd_rp2040.c.obj
                0x00000000100051f4                dcd_edpt_stall
 .text.dcd_edpt_clear_stall
                0x000000001000522c       0x30 CMakeFiles/main.dir/home/administrator/workspace/pico-sdk/lib/tinyusb/src/portable/raspberrypi/rp2040/dcd_rp2040.c.obj
                0x000000001000522c                dcd_edpt_clear_stall
 .text._hw_endpoint_buffer_control_update32.part.0.isra.0
                0x000000001000525c       0x1c CMakeFiles/main.dir/home/administrator/workspace/pico-sdk/lib/tinyusb/src/portable/raspberrypi/rp2040/rp2040_usb.c.obj
 .text.rp2040_usb_init
                0x0000000010005278       0x4c CMakeFiles/main.dir/home/administrator/workspace/pico-sdk/lib/tinyusb/src/portable/raspberrypi/rp2040/rp2040_usb.c.obj
                0x0000000010005278                rp2040_usb_init
 .text.hw_endpoint_reset_transfer
                0x00000000100052c4        0xc CMakeFiles/main.dir/home/administrator/workspace/pico-sdk/lib/tinyusb/src/portable/raspberrypi/rp2040/rp2040_usb.c.obj
                0x00000000100052c4                hw_endpoint_reset_transfer
 .text._hw_endpoint_buffer_control_update32
                0x00000000100052d0       0x44 CMakeFiles/main.dir/home/administrator/workspace/pico-sdk/lib/tinyusb/src/portable/raspberrypi/rp2040/rp2040_usb.c.obj
                0x00000000100052d0                _hw_endpoint_buffer_control_update32
 .text.hw_endpoint_xfer_start
                0x0000000010005314      0x138 CMakeFiles/main.dir/home/administrator/workspace/pico-sdk/lib/tinyusb/src/portable/raspberrypi/rp2040/rp2040_usb.c.obj
                0x0000000010005314                hw_endpoint_xfer_start
 .text.hw_endpoint_xfer_continue
                0x000000001000544c      0x1e4 CMakeFiles/main.dir/home/administrator/workspace/pico-sdk/lib/tinyusb/src/portable/raspberrypi/rp2040/rp2040_usb.c.obj
                0x000000001000544c                hw_endpoint_xfer_continue
 .text.tud_mounted
                0x0000000010005630       0x10 CMakeFiles/main.dir/home/administrator/workspace/pico-sdk/lib/tinyusb/src/device/usbd.c.obj
                0x0000000010005630                tud_mounted
 .text.tud_suspended
                0x0000000010005640       0x10 CMakeFiles/main.dir/home/administrator/workspace/pico-sdk/lib/tinyusb/src/device/usbd.c.obj
                0x0000000010005640                tud_suspended
 .text.tud_inited
                0x0000000010005650        0xc CMakeFiles/main.dir/home/administrator/workspace/pico-sdk/lib/tinyusb/src/device/usbd.c.obj
                0x0000000010005650                tud_inited
 .text.tud_init
                0x000000001000565c       0xd8 CMakeFiles/main.dir/home/administrator/workspace/pico-sdk/lib/tinyusb/src/device/usbd.c.obj
                0x000000001000565c                tud_init
 .text.tud_task
                0x0000000010005734      0x8ec CMakeFiles/main.dir/home/administrator/workspace/pico-sdk/lib/tinyusb/src/device/usbd.c.obj
                0x0000000010005734                tud_task
 .text.dcd_event_bus_signal
                0x0000000010006020      0x120 CMakeFiles/main.dir/home/administrator/workspace/pico-sdk/lib/tinyusb/src/device/usbd.c.obj
                0x0000000010006020                dcd_event_bus_signal
 .text.dcd_event_bus_reset
                0x0000000010006140       0x54 CMakeFiles/main.dir/home/administrator/workspace/pico-sdk/lib/tinyusb/src/device/usbd.c.obj
                0x0000000010006140                dcd_event_bus_reset
 .text.dcd_event_setup_received
                0x0000000010006194       0x50 CMakeFiles/main.dir/home/administrator/workspace/pico-sdk/lib/tinyusb/src/device/usbd.c.obj
                0x0000000010006194                dcd_event_setup_received
 .text.dcd_event_xfer_complete
                0x00000000100061e4       0x68 CMakeFiles/main.dir/home/administrator/workspace/pico-sdk/lib/tinyusb/src/device/usbd.c.obj
                0x00000000100061e4                dcd_event_xfer_complete
 .text.usbd_open_edpt_pair
                0x000000001000624c       0x80 CMakeFiles/main.dir/home/administrator/workspace/pico-sdk/lib/tinyusb/src/device/usbd.c.obj
                0x000000001000624c                usbd_open_edpt_pair
 .text.usbd_edpt_open
                0x00000000100062cc       0x30 CMakeFiles/main.dir/home/administrator/workspace/pico-sdk/lib/tinyusb/src/device/usbd.c.obj
                0x00000000100062cc                usbd_edpt_open
 .text.usbd_edpt_claim
                0x00000000100062fc       0x64 CMakeFiles/main.dir/home/administrator/workspace/pico-sdk/lib/tinyusb/src/device/usbd.c.obj
                0x00000000100062fc                usbd_edpt_claim
 .text.usbd_edpt_release
                0x0000000010006360       0x4c CMakeFiles/main.dir/home/administrator/workspace/pico-sdk/lib/tinyusb/src/device/usbd.c.obj
                0x0000000010006360                usbd_edpt_release
 .text.usbd_edpt_xfer
                0x00000000100063ac       0x48 CMakeFiles/main.dir/home/administrator/workspace/pico-sdk/lib/tinyusb/src/device/usbd.c.obj
                0x00000000100063ac                usbd_edpt_xfer
 .text.tud_control_status
                0x00000000100063f4       0x30 CMakeFiles/main.dir/home/administrator/workspace/pico-sdk/lib/tinyusb/src/device/usbd_control.c.obj
                0x00000000100063f4                tud_control_status
 .text.tud_control_xfer
                0x0000000010006424       0xbc CMakeFiles/main.dir/home/administrator/workspace/pico-sdk/lib/tinyusb/src/device/usbd_control.c.obj
                0x0000000010006424                tud_control_xfer
 .text.usbd_control_reset
                0x00000000100064e0       0x14 CMakeFiles/main.dir/home/administrator/workspace/pico-sdk/lib/tinyusb/src/device/usbd_control.c.obj
                0x00000000100064e0                usbd_control_reset
 .text.usbd_control_set_complete_callback
                0x00000000100064f4        0xc CMakeFiles/main.dir/home/administrator/workspace/pico-sdk/lib/tinyusb/src/device/usbd_control.c.obj
                0x00000000100064f4                usbd_control_set_complete_callback
 .text.usbd_control_set_request
                0x0000000010006500       0x1c CMakeFiles/main.dir/home/administrator/workspace/pico-sdk/lib/tinyusb/src/device/usbd_control.c.obj
                0x0000000010006500                usbd_control_set_request
 .text.usbd_control_xfer_cb
                0x000000001000651c       0xfc CMakeFiles/main.dir/home/administrator/workspace/pico-sdk/lib/tinyusb/src/device/usbd_control.c.obj
                0x000000001000651c                usbd_control_xfer_cb
 .text.tud_cdc_n_connected
                0x0000000010006618       0x30 CMakeFiles/main.dir/home/administrator/workspace/pico-sdk/lib/tinyusb/src/class/cdc/cdc_device.c.obj
                0x0000000010006618                tud_cdc_n_connected
 .text.tud_cdc_n_available
                0x0000000010006648       0x18 CMakeFiles/main.dir/home/administrator/workspace/pico-sdk/lib/tinyusb/src/class/cdc/cdc_device.c.obj
                0x0000000010006648                tud_cdc_n_available
 .text.tud_cdc_n_read
                0x0000000010006660       0x70 CMakeFiles/main.dir/home/administrator/workspace/pico-sdk/lib/tinyusb/src/class/cdc/cdc_device.c.obj
                0x0000000010006660                tud_cdc_n_read
 .text.tud_cdc_n_write_flush
                0x00000000100066d0       0x78 CMakeFiles/main.dir/home/administrator/workspace/pico-sdk/lib/tinyusb/src/class/cdc/cdc_device.c.obj
                0x00000000100066d0                tud_cdc_n_write_flush
 .text.tud_cdc_n_write
                0x0000000010006748       0x34 CMakeFiles/main.dir/home/administrator/workspace/pico-sdk/lib/tinyusb/src/class/cdc/cdc_device.c.obj
                0x0000000010006748                tud_cdc_n_write
 .text.tud_cdc_n_write_available
                0x000000001000677c       0x18 CMakeFiles/main.dir/home/administrator/workspace/pico-sdk/lib/tinyusb/src/class/cdc/cdc_device.c.obj
                0x000000001000677c                tud_cdc_n_write_available
 .text.cdcd_init
                0x0000000010006794       0x7c CMakeFiles/main.dir/home/administrator/workspace/pico-sdk/lib/tinyusb/src/class/cdc/cdc_device.c.obj
                0x0000000010006794                cdcd_init
 .text.cdcd_reset
                0x0000000010006810       0x2c CMakeFiles/main.dir/home/administrator/workspace/pico-sdk/lib/tinyusb/src/class/cdc/cdc_device.c.obj
                0x0000000010006810                cdcd_reset
 .text.cdcd_open
                0x000000001000683c       0xe4 CMakeFiles/main.dir/home/administrator/workspace/pico-sdk/lib/tinyusb/src/class/cdc/cdc_device.c.obj
                0x000000001000683c                cdcd_open
 .text.cdcd_control_xfer_cb
                0x0000000010006920       0xe4 CMakeFiles/main.dir/home/administrator/workspace/pico-sdk/lib/tinyusb/src/class/cdc/cdc_device.c.obj
                0x0000000010006920                cdcd_control_xfer_cb
 .text.cdcd_xfer_cb
                0x0000000010006a04      0x148 CMakeFiles/main.dir/home/administrator/workspace/pico-sdk/lib/tinyusb/src/class/cdc/cdc_device.c.obj
                0x0000000010006a04                cdcd_xfer_cb
 .text.tusb_init
                0x0000000010006b4c        0xc CMakeFiles/main.dir/home/administrator/workspace/pico-sdk/lib/tinyusb/src/tusb.c.obj
                0x0000000010006b4c                tusb_init
 .text.tusb_inited
                0x0000000010006b58        0x8 CMakeFiles/main.dir/home/administrator/workspace/pico-sdk/lib/tinyusb/src/tusb.c.obj
                0x0000000010006b58                tusb_inited
 .text.tu_edpt_validate
                0x0000000010006b60       0x78 CMakeFiles/main.dir/home/administrator/workspace/pico-sdk/lib/tinyusb/src/tusb.c.obj
                0x0000000010006b60                tu_edpt_validate
 .text.tu_edpt_bind_driver
                0x0000000010006bd8       0x2c CMakeFiles/main.dir/home/administrator/workspace/pico-sdk/lib/tinyusb/src/tusb.c.obj
                0x0000000010006bd8                tu_edpt_bind_driver
 .text.tu_fifo_config
                0x0000000010006c04       0x78 CMakeFiles/main.dir/home/administrator/workspace/pico-sdk/lib/tinyusb/src/common/tusb_fifo.c.obj
                0x0000000010006c04                tu_fifo_config
 .text.tu_fifo_count
                0x0000000010006c7c       0x20 CMakeFiles/main.dir/home/administrator/workspace/pico-sdk/lib/tinyusb/src/common/tusb_fifo.c.obj
                0x0000000010006c7c                tu_fifo_count
 .text.tu_fifo_empty
                0x0000000010006c9c       0x10 CMakeFiles/main.dir/home/administrator/workspace/pico-sdk/lib/tinyusb/src/common/tusb_fifo.c.obj
                0x0000000010006c9c                tu_fifo_empty
 .text.tu_fifo_remaining
                0x0000000010006cac       0x1c CMakeFiles/main.dir/home/administrator/workspace/pico-sdk/lib/tinyusb/src/common/tusb_fifo.c.obj
                0x0000000010006cac                tu_fifo_remaining
 .text.tu_fifo_read
                0x0000000010006cc8       0x9c CMakeFiles/main.dir/home/administrator/workspace/pico-sdk/lib/tinyusb/src/common/tusb_fifo.c.obj
                0x0000000010006cc8                tu_fifo_read
 .text.tu_fifo_read_n
                0x0000000010006d64      0x100 CMakeFiles/main.dir/home/administrator/workspace/pico-sdk/lib/tinyusb/src/common/tusb_fifo.c.obj
                0x0000000010006d64                tu_fifo_read_n
 .text.tu_fifo_write
                0x0000000010006e64       0x7c CMakeFiles/main.dir/home/administrator/workspace/pico-sdk/lib/tinyusb/src/common/tusb_fifo.c.obj
                0x0000000010006e64                tu_fifo_write
 .text.tu_fifo_write_n
                0x0000000010006ee0      0x100 CMakeFiles/main.dir/home/administrator/workspace/pico-sdk/lib/tinyusb/src/common/tusb_fifo.c.obj
                0x0000000010006ee0                tu_fifo_write_n
 .text.tu_fifo_clear
                0x0000000010006fe0       0x4c CMakeFiles/main.dir/home/administrator/workspace/pico-sdk/lib/tinyusb/src/common/tusb_fifo.c.obj
                0x0000000010006fe0                tu_fifo_clear
 .text.tu_fifo_set_overwritable
                0x000000001000702c       0x3c CMakeFiles/main.dir/home/administrator/workspace/pico-sdk/lib/tinyusb/src/common/tusb_fifo.c.obj
                0x000000001000702c                tu_fifo_set_overwritable
 .text.startup._retrieve_unique_id_on_boot
                0x0000000010007068       0x10 CMakeFiles/main.dir/home/administrator/workspace/pico-sdk/src/rp2_common/pico_unique_id/unique_id.c.obj
 .text.pico_get_unique_board_id_string
                0x0000000010007078      0x1a8 CMakeFiles/main.dir/home/administrator/workspace/pico-sdk/src/rp2_common/pico_unique_id/unique_id.c.obj
                0x0000000010007078                pico_get_unique_board_id_string
 .text.flash_get_unique_id
                0x0000000010007220       0x40 CMakeFiles/main.dir/home/administrator/workspace/pico-sdk/src/rp2_common/hardware_flash/flash.c.obj
                0x0000000010007220                flash_get_unique_id
 .text.spi_init
                0x0000000010007260       0xf8 CMakeFiles/main.dir/home/administrator/workspace/pico-sdk/src/rp2_common/hardware_spi/spi.c.obj
                0x0000000010007260                spi_init
 .text.i2c_set_baudrate
                0x0000000010007358       0xc4 CMakeFiles/main.dir/home/administrator/workspace/pico-sdk/src/rp2_common/hardware_i2c/i2c.c.obj
                0x0000000010007358                i2c_set_baudrate
 .text.i2c_init
                0x000000001000741c       0x54 CMakeFiles/main.dir/home/administrator/workspace/pico-sdk/src/rp2_common/hardware_i2c/i2c.c.obj
                0x000000001000741c                i2c_init
 .text.LCD_1in44_test
                0x0000000010007470      0x354 examples/libexamples.a(LCD_1in44_test.c.obj)
                0x0000000010007470                LCD_1in44_test
 .text.LCD_1IN44_Init
                0x00000000100077c4      0x884 lib/LCD/libLCD.a(LCD_1in44.c.obj)
                0x00000000100077c4                LCD_1IN44_Init
 .text.LCD_1IN44_SetWindows
                0x0000000010008048      0x11c lib/LCD/libLCD.a(LCD_1in44.c.obj)
                0x0000000010008048                LCD_1IN44_SetWindows
 .text.LCD_1IN44_Clear
                0x0000000010008164       0x84 lib/LCD/libLCD.a(LCD_1in44.c.obj)
                0x0000000010008164                LCD_1IN44_Clear
 .text.LCD_1IN44_Display
                0x00000000100081e8       0x68 lib/LCD/libLCD.a(LCD_1in44.c.obj)
                0x00000000100081e8                LCD_1IN44_Display
 .text.SET_Infrared_PIN
                0x0000000010008250       0x20 lib/Infrared/libInfrared.a(Infrared.c.obj)
                0x0000000010008250                SET_Infrared_PIN
 .text.Paint_SetPixel.part.0
                0x0000000010008270      0x12c lib/GUI/libGUI.a(GUI_Paint.c.obj)
 .text.Paint_DrawChar.part.0
                0x000000001000839c       0xe8 lib/GUI/libGUI.a(GUI_Paint.c.obj)
 .text.Paint_DrawLine.constprop.0
                0x0000000010008484      0x404 lib/GUI/libGUI.a(GUI_Paint.c.obj)
 .text.Paint_DrawPoint.constprop.0
                0x0000000010008888      0x160 lib/GUI/libGUI.a(GUI_Paint.c.obj)
 .text.Paint_DrawPoint.constprop.1
                0x00000000100089e8      0x314 lib/GUI/libGUI.a(GUI_Paint.c.obj)
 .text.Paint_NewImage
                0x0000000010008cfc       0x44 lib/GUI/libGUI.a(GUI_Paint.c.obj)
                0x0000000010008cfc                Paint_NewImage
 .text.Paint_SetRotate
                0x0000000010008d40       0x20 lib/GUI/libGUI.a(GUI_Paint.c.obj)
                0x0000000010008d40                Paint_SetRotate
 .text.Paint_SetScale
                0x0000000010008d60       0x6c lib/GUI/libGUI.a(GUI_Paint.c.obj)
                0x0000000010008d60                Paint_SetScale
 .text.Paint_Clear
                0x0000000010008dcc       0xc4 lib/GUI/libGUI.a(GUI_Paint.c.obj)
                0x0000000010008dcc                Paint_Clear
 .text.Paint_DrawPoint
                0x0000000010008e90      0x2e0 lib/GUI/libGUI.a(GUI_Paint.c.obj)
                0x0000000010008e90                Paint_DrawPoint
 .text.Paint_DrawLine
                0x0000000010009170      0x454 lib/GUI/libGUI.a(GUI_Paint.c.obj)
                0x0000000010009170                Paint_DrawLine
 .text.Paint_DrawRectangle
                0x00000000100095c4      0x128 lib/GUI/libGUI.a(GUI_Paint.c.obj)
                0x00000000100095c4                Paint_DrawRectangle
 .text.Paint_DrawCircle
                0x00000000100096ec      0x3b0 lib/GUI/libGUI.a(GUI_Paint.c.obj)
                0x00000000100096ec                Paint_DrawCircle
 .text.Paint_DrawString_EN
                0x0000000010009a9c       0xa4 lib/GUI/libGUI.a(GUI_Paint.c.obj)
                0x0000000010009a9c                Paint_DrawString_EN
 .text.Paint_DrawString_CN
                0x0000000010009b40      0x228 lib/GUI/libGUI.a(GUI_Paint.c.obj)
                0x0000000010009b40                Paint_DrawString_CN
 .text.Paint_DrawImage
                0x0000000010009d68       0x98 lib/GUI/libGUI.a(GUI_Paint.c.obj)
                0x0000000010009d68                Paint_DrawImage
 .text.DEV_Digital_Write
                0x0000000010009e00       0x14 lib/Config/libConfig.a(DEV_Config.c.obj)
                0x0000000010009e00                DEV_Digital_Write
 .text.DEV_Digital_Read
                0x0000000010009e14       0x10 lib/Config/libConfig.a(DEV_Config.c.obj)
                0x0000000010009e14                DEV_Digital_Read
 .text.DEV_SPI_WriteByte
                0x0000000010009e24       0x1c lib/Config/libConfig.a(DEV_Config.c.obj)
                0x0000000010009e24                DEV_SPI_WriteByte
 .text.DEV_SPI_Write_nByte
                0x0000000010009e40       0x14 lib/Config/libConfig.a(DEV_Config.c.obj)
                0x0000000010009e40                DEV_SPI_Write_nByte
 .text.DEV_GPIO_Mode
                0x0000000010009e54       0x20 lib/Config/libConfig.a(DEV_Config.c.obj)
                0x0000000010009e54                DEV_GPIO_Mode
 .text.DEV_Delay_ms
                0x0000000010009e74        0x8 lib/Config/libConfig.a(DEV_Config.c.obj)
                0x0000000010009e74                DEV_Delay_ms
 .text.DEV_Module_Init
                0x0000000010009e7c      0x104 lib/Config/libConfig.a(DEV_Config.c.obj)
                0x0000000010009e7c                DEV_Module_Init
 .text.DEV_SET_PWM
                0x0000000010009f80       0x40 lib/Config/libConfig.a(DEV_Config.c.obj)
                0x0000000010009f80                DEV_SET_PWM
 .text          0x0000000010009fc0       0x28 /usr/lib/gcc/arm-none-eabi/10.3.1/../../../arm-none-eabi/lib/thumb/v6-m/nofp/libc.a(lib_a-malloc.o)
                0x0000000010009fc0                malloc
                0x0000000010009fd4                free
 .text          0x0000000010009fe8      0x574 /usr/lib/gcc/arm-none-eabi/10.3.1/../../../arm-none-eabi/lib/thumb/v6-m/nofp/libc.a(lib_a-mallocr.o)
                0x0000000010009fe8                _malloc_r
 .text          0x000000001000a55c        0x8 /usr/lib/gcc/arm-none-eabi/10.3.1/../../../arm-none-eabi/lib/thumb/v6-m/nofp/libc.a(lib_a-mlock.o)
                0x000000001000a55c                __malloc_lock
                0x000000001000a560                __malloc_unlock
 .text          0x000000001000a564       0x24 /usr/lib/gcc/arm-none-eabi/10.3.1/../../../arm-none-eabi/lib/thumb/v6-m/nofp/libc.a(lib_a-sbrkr.o)
                0x000000001000a564                _sbrk_r
 .text          0x000000001000a588       0x5c /usr/lib/gcc/arm-none-eabi/10.3.1/../../../arm-none-eabi/lib/thumb/v6-m/nofp/libc.a(lib_a-strlen-stub.o)
                0x000000001000a588                strlen
 .text          0x000000001000a5e4      0x260 /usr/lib/gcc/arm-none-eabi/10.3.1/../../../arm-none-eabi/lib/thumb/v6-m/nofp/libc.a(lib_a-freer.o)
                0x000000001000a5e4                _malloc_trim_r
                0x000000001000a680                _free_r
 *(.fini)
 .fini          0x000000001000a844        0x4 /usr/lib/gcc/arm-none-eabi/10.3.1/thumb/v6-m/nofp/crti.o
                0x000000001000a844                _fini
 .fini.__stub   0x000000001000a848       0x80 linker stubs
 *crtbegin.o(.ctors)
 *crtbegin?.o(.ctors)
 *(EXCLUDE_FILE(*crtend.o *crtend?.o) .ctors)
 *(SORT_BY_NAME(.ctors.*))
 *(.ctors)
 *crtbegin.o(.dtors)
 *crtbegin?.o(.dtors)
 *(EXCLUDE_FILE(*crtend.o *crtend?.o) .dtors)
 *(SORT_BY_NAME(.dtors.*))
 *(.dtors)
 *(.eh_frame*)
 .eh_frame      0x000000001000a8c8        0x0 /usr/lib/gcc/arm-none-eabi/10.3.1/thumb/v6-m/nofp/crtbegin.o
                0x000000001000a8c8                . = ALIGN (0x4)

.glue_7         0x000000001000a8c8        0x0
 .glue_7        0x000000001000a8c8        0x0 linker stubs

.glue_7t        0x000000001000a8c8        0x0
 .glue_7t       0x000000001000a8c8        0x0 linker stubs

.vfp11_veneer   0x000000001000a8c8        0x0
 .vfp11_veneer  0x000000001000a8c8        0x0 linker stubs

.v4_bx          0x000000001000a8c8        0x0
 .v4_bx         0x000000001000a8c8        0x0 linker stubs

.iplt           0x000000001000a8c8        0x0
 .iplt          0x000000001000a8c8        0x0 /usr/lib/gcc/arm-none-eabi/10.3.1/thumb/v6-m/nofp/crtbegin.o

.rodata         0x000000001000a8c8     0xae34
 *(EXCLUDE_FILE(*libm.a: *libc.a:*lib_a-mem*.o *libgcc.a:) .rodata*)
 .rodata.spin_lock_claim_unused.str1.4
                0x000000001000a8c8       0x1b CMakeFiles/main.dir/home/administrator/workspace/pico-sdk/src/rp2_common/hardware_sync/sync.c.obj
 *fill*         0x000000001000a8e3        0x1 
 .rodata.user_irq_claim_unused.str1.4
                0x000000001000a8e4       0x1b CMakeFiles/main.dir/home/administrator/workspace/pico-sdk/src/rp2_common/hardware_irq/irq.c.obj
 *fill*         0x000000001000a8ff        0x1 
 .rodata.hardware_alarm_claim.str1.4
                0x000000001000a900       0x22 CMakeFiles/main.dir/home/administrator/workspace/pico-sdk/src/rp2_common/hardware_timer/timer.c.obj
 *fill*         0x000000001000a922        0x2 
 .rodata.panic.str1.4
                0x000000001000a924       0x12 CMakeFiles/main.dir/home/administrator/workspace/pico-sdk/src/rp2_common/pico_runtime/runtime.c.obj
 *fill*         0x000000001000a936        0x2 
 .rodata.hard_assertion_failure.str1.4
                0x000000001000a938        0xc CMakeFiles/main.dir/home/administrator/workspace/pico-sdk/src/rp2_common/pico_runtime/runtime.c.obj
 .rodata._ftoa.str1.4
                0x000000001000a944       0x15 CMakeFiles/main.dir/home/administrator/workspace/pico-sdk/src/rp2_common/pico_printf/printf.c.obj
 *fill*         0x000000001000a959        0x3 
 .rodata._vsnprintf
                0x000000001000a95c      0x1e0 CMakeFiles/main.dir/home/administrator/workspace/pico-sdk/src/rp2_common/pico_printf/printf.c.obj
 *fill*         0x000000001000ab3c        0x4 
 .rodata.pow10.0
                0x000000001000ab40       0x50 CMakeFiles/main.dir/home/administrator/workspace/pico-sdk/src/rp2_common/pico_printf/printf.c.obj
 .rodata.__wrap_malloc.str1.4
                0x000000001000ab90        0xe CMakeFiles/main.dir/home/administrator/workspace/pico-sdk/src/rp2_common/pico_malloc/pico_malloc.c.obj
 *fill*         0x000000001000ab9e        0x2 
 .rodata.str1.4
                0x000000001000aba0       0x3c CMakeFiles/main.dir/home/administrator/workspace/pico-sdk/src/rp2_common/pico_standard_link/binary_info.c.obj
 .rodata.__bi_44
                0x000000001000abdc        0xc CMakeFiles/main.dir/home/administrator/workspace/pico-sdk/src/rp2_common/pico_standard_link/binary_info.c.obj
 .rodata.__bi_75
                0x000000001000abe8        0xc CMakeFiles/main.dir/home/administrator/workspace/pico-sdk/src/rp2_common/pico_standard_link/binary_info.c.obj
 .rodata.__bi_81
                0x000000001000abf4        0xc CMakeFiles/main.dir/home/administrator/workspace/pico-sdk/src/rp2_common/pico_standard_link/binary_info.c.obj
 .rodata.crlf_str.0
                0x000000001000ac00        0x2 CMakeFiles/main.dir/home/administrator/workspace/pico-sdk/src/rp2_common/pico_stdio/stdio.c.obj
 *fill*         0x000000001000ac02        0x2 
 .rodata.str1.4
                0x000000001000ac04       0x2c CMakeFiles/main.dir/home/administrator/workspace/pico-sdk/src/rp2_common/pico_stdio_uart/stdio_uart.c.obj
 .rodata.__bi_28.4
                0x000000001000ac30        0xc CMakeFiles/main.dir/home/administrator/workspace/pico-sdk/src/rp2_common/pico_stdio_uart/stdio_uart.c.obj
 .rodata.__bi_29.5
                0x000000001000ac3c        0x8 CMakeFiles/main.dir/home/administrator/workspace/pico-sdk/src/rp2_common/pico_stdio_uart/stdio_uart.c.obj
 .rodata._resetd_driver
                0x000000001000ac44       0x18 CMakeFiles/main.dir/home/administrator/workspace/pico-sdk/src/rp2_common/pico_stdio_usb/reset_interface.c.obj
 .rodata.str1.4
                0x000000001000ac5c       0x13 CMakeFiles/main.dir/home/administrator/workspace/pico-sdk/src/rp2_common/pico_stdio_usb/stdio_usb.c.obj
 *fill*         0x000000001000ac6f        0x1 
 .rodata.__bi_118.0
                0x000000001000ac70        0xc CMakeFiles/main.dir/home/administrator/workspace/pico-sdk/src/rp2_common/pico_stdio_usb/stdio_usb.c.obj
 .rodata.str1.4
                0x000000001000ac7c       0x2a CMakeFiles/main.dir/home/administrator/workspace/pico-sdk/src/rp2_common/pico_stdio_usb/stdio_usb_descriptors.c.obj
 *fill*         0x000000001000aca6        0x2 
 .rodata.usbd_desc_cfg
                0x000000001000aca8       0x54 CMakeFiles/main.dir/home/administrator/workspace/pico-sdk/src/rp2_common/pico_stdio_usb/stdio_usb_descriptors.c.obj
 .rodata.usbd_desc_device
                0x000000001000acfc       0x12 CMakeFiles/main.dir/home/administrator/workspace/pico-sdk/src/rp2_common/pico_stdio_usb/stdio_usb_descriptors.c.obj
 *fill*         0x000000001000ad0e        0x2 
 .rodata.usbd_desc_str
                0x000000001000ad10       0x18 CMakeFiles/main.dir/home/administrator/workspace/pico-sdk/src/rp2_common/pico_stdio_usb/stdio_usb_descriptors.c.obj
 .rodata.dcd_rp2040_irq.str1.4
                0x000000001000ad28       0x14 CMakeFiles/main.dir/home/administrator/workspace/pico-sdk/lib/tinyusb/src/portable/raspberrypi/rp2040/dcd_rp2040.c.obj
 .rodata._hw_endpoint_buffer_control_update32.part.0.isra.0.str1.4
                0x000000001000ad3c       0x1f CMakeFiles/main.dir/home/administrator/workspace/pico-sdk/lib/tinyusb/src/portable/raspberrypi/rp2040/rp2040_usb.c.obj
 *fill*         0x000000001000ad5b        0x1 
 .rodata.hw_endpoint_xfer_continue.str1.4
                0x000000001000ad5c       0x29 CMakeFiles/main.dir/home/administrator/workspace/pico-sdk/lib/tinyusb/src/portable/raspberrypi/rp2040/rp2040_usb.c.obj
 .rodata.str1.4
                0x000000001000ad85       0x29 CMakeFiles/main.dir/home/administrator/workspace/pico-sdk/lib/tinyusb/src/portable/raspberrypi/rp2040/rp2040_usb.c.obj
                                          0x7 (size before relaxing)
 *fill*         0x000000001000ad85        0x3 
 .rodata.tud_task
                0x000000001000ad88       0x8c CMakeFiles/main.dir/home/administrator/workspace/pico-sdk/lib/tinyusb/src/device/usbd.c.obj
 .rodata._usbd_driver
                0x000000001000ae14       0x18 CMakeFiles/main.dir/home/administrator/workspace/pico-sdk/lib/tinyusb/src/device/usbd.c.obj
 .rodata.LCD_1in44_test.str1.4
                0x000000001000ae2c       0xb2 examples/libexamples.a(LCD_1in44_test.c.obj)
 *fill*         0x000000001000aede        0x2 
 .rodata.gImage_1inch44_1
                0x000000001000aee0     0x8000 examples/libexamples.a(ImageData.c.obj)
                0x000000001000aee0                gImage_1inch44_1
 .rodata.Paint_DrawLine.constprop.0.str1.4
                0x0000000010012ee0       0x49 lib/GUI/libGUI.a(GUI_Paint.c.obj)
 *fill*         0x0000000010012f29        0x3 
 .rodata        0x0000000010012f2c      0x474 lib/Fonts/libFonts.a(font12.c.obj)
                0x0000000010012f2c                Font12_Table
 .rodata        0x00000000100133a0      0xed8 lib/Fonts/libFonts.a(font20.c.obj)
                0x00000000100133a0                Font20_Table
 .rodata        0x0000000010014278     0x1458 lib/Fonts/libFonts.a(font24CN.c.obj)
                0x0000000010014278                Font24CN_Table
 .rodata.DEV_Module_Init.str1.4
                0x00000000100156d0       0x15 lib/Config/libConfig.a(DEV_Config.c.obj)
 *fill*         0x00000000100156e5        0x3 
 .rodata.DEV_SET_PWM.str1.4
                0x00000000100156e8       0x14 lib/Config/libConfig.a(DEV_Config.c.obj)
                0x00000000100156fc                . = ALIGN (0x4)
 *(SORT_BY_ALIGNMENT(SORT_BY_NAME(.flashdata*)))
                0x00000000100156fc                . = ALIGN (0x4)

.rel.dyn        0x00000000100156fc        0x0
 .rel.iplt      0x00000000100156fc        0x0 /usr/lib/gcc/arm-none-eabi/10.3.1/thumb/v6-m/nofp/crtbegin.o

.ARM.extab
 *(.ARM.extab* .gnu.linkonce.armextab.*)
                0x00000000100156fc                __exidx_start = .

.ARM.exidx
 *(.ARM.exidx* .gnu.linkonce.armexidx.*)
                0x00000000100156fc                __exidx_end = .
                0x00000000100156fc                . = ALIGN (0x4)
                0x00000000100156fc                __binary_info_start = .

.binary_info    0x00000000100156fc       0x28
 *(.binary_info.keep.*)
 .binary_info.keep.__bi_ptr22
                0x00000000100156fc        0x4 CMakeFiles/main.dir/home/administrator/workspace/pico-sdk/src/rp2_common/pico_standard_link/binary_info.c.obj
 .binary_info.keep.__bi_ptr30
                0x0000000010015700        0x4 CMakeFiles/main.dir/home/administrator/workspace/pico-sdk/src/rp2_common/pico_standard_link/binary_info.c.obj
 .binary_info.keep.__bi_ptr38
                0x0000000010015704        0x4 CMakeFiles/main.dir/home/administrator/workspace/pico-sdk/src/rp2_common/pico_standard_link/binary_info.c.obj
 .binary_info.keep.__bi_ptr44
                0x0000000010015708        0x4 CMakeFiles/main.dir/home/administrator/workspace/pico-sdk/src/rp2_common/pico_standard_link/binary_info.c.obj
 .binary_info.keep.__bi_ptr50
                0x000000001001570c        0x4 CMakeFiles/main.dir/home/administrator/workspace/pico-sdk/src/rp2_common/pico_standard_link/binary_info.c.obj
 .binary_info.keep.__bi_ptr75
                0x0000000010015710        0x4 CMakeFiles/main.dir/home/administrator/workspace/pico-sdk/src/rp2_common/pico_standard_link/binary_info.c.obj
 .binary_info.keep.__bi_ptr81
                0x0000000010015714        0x4 CMakeFiles/main.dir/home/administrator/workspace/pico-sdk/src/rp2_common/pico_standard_link/binary_info.c.obj
 *(.binary_info.*)
 .binary_info.__bi_ptr28
                0x0000000010015718        0x4 CMakeFiles/main.dir/home/administrator/workspace/pico-sdk/src/rp2_common/pico_stdio_uart/stdio_uart.c.obj
 .binary_info.__bi_ptr29
                0x000000001001571c        0x4 CMakeFiles/main.dir/home/administrator/workspace/pico-sdk/src/rp2_common/pico_stdio_uart/stdio_uart.c.obj
 .binary_info.__bi_ptr118
                0x0000000010015720        0x4 CMakeFiles/main.dir/home/administrator/workspace/pico-sdk/src/rp2_common/pico_stdio_usb/stdio_usb.c.obj
                0x0000000010015724                __binary_info_end = .
                0x0000000010015724                . = ALIGN (0x4)
                0x0000000010015724                __etext = .

.ram_vector_table
                0x0000000020000000       0xc0
 *(.ram_vector_table)
 .ram_vector_table
                0x0000000020000000       0xc0 CMakeFiles/main.dir/home/administrator/workspace/pico-sdk/src/rp2_common/pico_runtime/runtime.c.obj
                0x0000000020000000                ram_vector_table

.data           0x00000000200000c0      0xc90 load address 0x0000000010015724
                0x00000000200000c0                __data_start__ = .
 *(vtable)
 *(.time_critical*)
 .time_critical.mutex_enter_blocking
                0x00000000200000c0       0x48 CMakeFiles/main.dir/home/administrator/workspace/pico-sdk/src/common/pico_sync/mutex.c.obj
                0x00000000200000c0                mutex_enter_blocking
 .time_critical.mutex_try_enter
                0x0000000020000108       0x44 CMakeFiles/main.dir/home/administrator/workspace/pico-sdk/src/common/pico_sync/mutex.c.obj
                0x0000000020000108                mutex_try_enter
 .time_critical.mutex_enter_timeout_ms
                0x000000002000014c       0xa0 CMakeFiles/main.dir/home/administrator/workspace/pico-sdk/src/common/pico_sync/mutex.c.obj
                0x000000002000014c                mutex_enter_timeout_ms
 .time_critical.mutex_exit
                0x00000000200001ec       0x28 CMakeFiles/main.dir/home/administrator/workspace/pico-sdk/src/common/pico_sync/mutex.c.obj
                0x00000000200001ec                mutex_exit
 .time_critical.flash_init_boot2_copyout
                0x0000000020000214       0x30 CMakeFiles/main.dir/home/administrator/workspace/pico-sdk/src/rp2_common/hardware_flash/flash.c.obj
 .time_critical.flash_enable_xip_via_boot2
                0x0000000020000244       0x10 CMakeFiles/main.dir/home/administrator/workspace/pico-sdk/src/rp2_common/hardware_flash/flash.c.obj
 .time_critical.flash_cs_force
                0x0000000020000254       0x38 CMakeFiles/main.dir/home/administrator/workspace/pico-sdk/src/rp2_common/hardware_flash/flash.c.obj
 .time_critical.flash_do_cmd
                0x000000002000028c       0xc4 CMakeFiles/main.dir/home/administrator/workspace/pico-sdk/src/rp2_common/hardware_flash/flash.c.obj
                0x000000002000028c                flash_do_cmd
 .time_critical.spi_write_blocking
                0x0000000020000350       0x4c CMakeFiles/main.dir/home/administrator/workspace/pico-sdk/src/rp2_common/hardware_spi/spi.c.obj
                0x0000000020000350                spi_write_blocking
 *(.text*)
 .text          0x000000002000039c        0x4 /usr/lib/gcc/arm-none-eabi/10.3.1/thumb/v6-m/nofp/libgcc.a(_dvmd_tls.o)
                0x000000002000039c                __aeabi_ldiv0
                0x000000002000039c                __aeabi_idiv0
 .text.__stub   0x00000000200003a0       0x30 linker stubs
                0x00000000200003d0                . = ALIGN (0x4)
 *(.rodata*)
                0x00000000200003d0                . = ALIGN (0x4)
 *(.data*)
 .data.striped_spin_lock_num
                0x00000000200003d0        0x1 CMakeFiles/main.dir/home/administrator/workspace/pico-sdk/src/rp2_common/hardware_sync/sync.c.obj
 *fill*         0x00000000200003d1        0x3 
 .data          0x00000000200003d4       0x48 CMakeFiles/main.dir/home/administrator/workspace/pico-sdk/src/rp2_common/hardware_irq/irq_handler_chain.S.obj
                0x00000000200003d4                irq_handler_chain_slots
                0x0000000020000404                irq_handler_chain_first_slot
                0x000000002000040e                irq_handler_chain_remove_tail
 .data.default_alarm_pool
                0x000000002000041c       0x18 CMakeFiles/main.dir/home/administrator/workspace/pico-sdk/src/common/pico_time/time.c.obj
 .data.default_alarm_pool_heap
                0x0000000020000434       0x10 CMakeFiles/main.dir/home/administrator/workspace/pico-sdk/src/common/pico_time/time.c.obj
 *fill*         0x0000000020000444        0xc 
 .data.aeabi_bits_funcs
                0x0000000020000450       0x10 CMakeFiles/main.dir/home/administrator/workspace/pico-sdk/src/rp2_common/pico_bit_ops/bit_ops_aeabi.S.obj
                0x0000000020000450                aeabi_bits_funcs
                0x0000000020000460                aeabi_bits_funcs_end
 .data.aeabi_mem_funcs
                0x0000000020000460       0x10 CMakeFiles/main.dir/home/administrator/workspace/pico-sdk/src/rp2_common/pico_mem_ops/mem_ops_aeabi.S.obj
                0x0000000020000460                aeabi_mem_funcs
                0x0000000020000470                aeabi_mem_funcs_end
 .data.stdio_uart
                0x0000000020000470       0x14 CMakeFiles/main.dir/home/administrator/workspace/pico-sdk/src/rp2_common/pico_stdio_uart/stdio_uart.c.obj
                0x0000000020000470                stdio_uart
 .data.stdio_usb
                0x0000000020000484       0x14 CMakeFiles/main.dir/home/administrator/workspace/pico-sdk/src/rp2_common/pico_stdio_usb/stdio_usb.c.obj
                0x0000000020000484                stdio_usb
 .data.ep_dir_string
                0x0000000020000498        0x8 CMakeFiles/main.dir/home/administrator/workspace/pico-sdk/lib/tinyusb/src/portable/raspberrypi/rp2040/rp2040_usb.c.obj
                0x0000000020000498                ep_dir_string
 .data._usbd_qdef
                0x00000000200004a0       0x24 CMakeFiles/main.dir/home/administrator/workspace/pico-sdk/lib/tinyusb/src/device/usbd.c.obj
                0x00000000200004a0                _usbd_qdef
 .data.i2c0_inst
                0x00000000200004c4        0x8 CMakeFiles/main.dir/home/administrator/workspace/pico-sdk/src/rp2_common/hardware_i2c/i2c.c.obj
                0x00000000200004c4                i2c0_inst
 .data.i2c1_inst
                0x00000000200004cc        0x8 CMakeFiles/main.dir/home/administrator/workspace/pico-sdk/src/rp2_common/hardware_i2c/i2c.c.obj
                0x00000000200004cc                i2c1_inst
 .data          0x00000000200004d4        0x8 lib/Fonts/libFonts.a(font12.c.obj)
                0x00000000200004d4                Font12
 .data          0x00000000200004dc        0x8 lib/Fonts/libFonts.a(font20.c.obj)
                0x00000000200004dc                Font20
 .data          0x00000000200004e4        0xc lib/Fonts/libFonts.a(font24CN.c.obj)
                0x00000000200004e4                Font24CN
 .data          0x00000000200004f0      0x430 /usr/lib/gcc/arm-none-eabi/10.3.1/../../../arm-none-eabi/lib/thumb/v6-m/nofp/libc.a(lib_a-impure.o)
                0x00000000200004f0                _impure_ptr
 .data          0x0000000020000920      0x410 /usr/lib/gcc/arm-none-eabi/10.3.1/../../../arm-none-eabi/lib/thumb/v6-m/nofp/libc.a(lib_a-mallocr.o)
                0x0000000020000920                __malloc_sbrk_base
                0x0000000020000924                __malloc_trim_threshold
                0x0000000020000928                __malloc_av_
                0x0000000020000d30                . = ALIGN (0x4)
 *(.after_data.*)
                0x0000000020000d30                . = ALIGN (0x4)
                0x0000000020000d30                PROVIDE (__mutex_array_start = .)
 *(SORT_BY_NAME(.mutex_array.*))
 *(.mutex_array)
 .mutex_array   0x0000000020000d30        0x8 CMakeFiles/main.dir/home/administrator/workspace/pico-sdk/src/rp2_common/pico_stdio/stdio.c.obj
                0x0000000020000d38                PROVIDE (__mutex_array_end = .)
                0x0000000020000d38                . = ALIGN (0x4)
                0x0000000020000d38                PROVIDE (__preinit_array_start = .)
 *(SORT_BY_NAME(.preinit_array.*))
 .preinit_array.00001
                0x0000000020000d38        0x4 CMakeFiles/main.dir/home/administrator/workspace/pico-sdk/src/rp2_common/pico_mem_ops/mem_ops_aeabi.S.obj
 .preinit_array.00010
                0x0000000020000d3c        0x4 CMakeFiles/main.dir/home/administrator/workspace/pico-sdk/src/rp2_common/pico_bit_ops/bit_ops_aeabi.S.obj
 .preinit_array.00020
                0x0000000020000d40        0x4 CMakeFiles/main.dir/home/administrator/workspace/pico-sdk/src/rp2_common/pico_double/double_aeabi.S.obj
 .preinit_array.00020
                0x0000000020000d44        0x4 CMakeFiles/main.dir/home/administrator/workspace/pico-sdk/src/rp2_common/pico_float/float_aeabi.S.obj
 *(.preinit_array)
                0x0000000020000d48                PROVIDE (__preinit_array_end = .)
                0x0000000020000d48                . = ALIGN (0x4)
                0x0000000020000d48                PROVIDE (__init_array_start = .)
 *(SORT_BY_NAME(.init_array.*))
 *(.init_array)
 .init_array    0x0000000020000d48        0x4 /usr/lib/gcc/arm-none-eabi/10.3.1/thumb/v6-m/nofp/crtbegin.o
 .init_array    0x0000000020000d4c        0x4 CMakeFiles/main.dir/home/administrator/workspace/pico-sdk/src/rp2_common/pico_unique_id/unique_id.c.obj
                0x0000000020000d50                PROVIDE (__init_array_end = .)
                0x0000000020000d50                . = ALIGN (0x4)
                0x0000000020000d50                PROVIDE (__fini_array_start = .)
 *(SORT_BY_NAME(.fini_array.*))
 *(.fini_array)
                0x0000000020000d50                PROVIDE (__fini_array_end = .)
 *(.jcr)
                0x0000000020000d50                . = ALIGN (0x4)
                0x0000000020000d50                __data_end__ = .

.tm_clone_table
                0x0000000020000d50        0x0 load address 0x00000000100163b4
 .tm_clone_table
                0x0000000020000d50        0x0 /usr/lib/gcc/arm-none-eabi/10.3.1/thumb/v6-m/nofp/crtbegin.o
 .tm_clone_table
                0x0000000020000d50        0x0 /usr/lib/gcc/arm-none-eabi/10.3.1/thumb/v6-m/nofp/crtend.o

.igot.plt       0x0000000020000d50        0x0 load address 0x00000000100163b4
 .igot.plt      0x0000000020000d50        0x0 /usr/lib/gcc/arm-none-eabi/10.3.1/thumb/v6-m/nofp/crtbegin.o

.uninitialized_data
                0x0000000020000d50        0x0 load address 0x00000000100163b4
                0x0000000020000d50                . = ALIGN (0x4)
 *(.uninitialized_data*)

.scratch_x      0x0000000020040000        0x0 load address 0x00000000100163b4
                0x0000000020040000                __scratch_x_start__ = .
 *(.scratch_x.*)
                0x0000000020040000                . = ALIGN (0x4)
                0x0000000020040000                __scratch_x_end__ = .
                0x00000000100163b4                __scratch_x_source__ = LOADADDR (.scratch_x)

.scratch_y      0x0000000020041000        0x0 load address 0x00000000100163b4
                0x0000000020041000                __scratch_y_start__ = .
 *(.scratch_y.*)
                0x0000000020041000                . = ALIGN (0x4)
                0x0000000020041000                __scratch_y_end__ = .
                0x00000000100163b4                __scratch_y_source__ = LOADADDR (.scratch_y)

.bss            0x0000000020000d50      0xdf4
                0x0000000020000d50                . = ALIGN (0x4)
                0x0000000020000d50                __bss_start__ = .
 *(SORT_BY_ALIGNMENT(SORT_BY_NAME(.bss*)))
 .bss.default_alarm_pool_entries
                0x0000000020000d50      0x100 CMakeFiles/main.dir/home/administrator/workspace/pico-sdk/src/common/pico_time/time.c.obj
 .bss.last_avail_time.1
                0x0000000020000e50        0x8 CMakeFiles/main.dir/home/administrator/workspace/pico-sdk/src/rp2_common/pico_stdio_usb/stdio_usb.c.obj
 .bss.sd_table  0x0000000020000e58      0x100 CMakeFiles/main.dir/home/administrator/workspace/pico-sdk/src/rp2_common/pico_double/double_init_rom.c.obj
                0x0000000020000e58                sd_table
 .bss.sf_table  0x0000000020000f58      0x100 CMakeFiles/main.dir/home/administrator/workspace/pico-sdk/src/rp2_common/pico_float/float_init_rom.c.obj
                0x0000000020000f58                sf_table
 .bss           0x0000000020001058       0x1c /usr/lib/gcc/arm-none-eabi/10.3.1/thumb/v6-m/nofp/crtbegin.o
 .bss           0x0000000020001074       0x34 /usr/lib/gcc/arm-none-eabi/10.3.1/../../../arm-none-eabi/lib/thumb/v6-m/nofp/libc.a(lib_a-mallocr.o)
                0x0000000020001074                __malloc_top_pad
                0x0000000020001078                __malloc_current_mallinfo
                0x00000000200010a0                __malloc_max_sbrked_mem
                0x00000000200010a4                __malloc_max_total_mem
 .bss           0x00000000200010a8        0x4 /usr/lib/gcc/arm-none-eabi/10.3.1/../../../arm-none-eabi/lib/thumb/v6-m/nofp/libc.a(lib_a-reent.o)
                0x00000000200010a8                errno
 .bss.Infrared_PIN
                0x00000000200010ac        0x4 lib/Infrared/libInfrared.a(Infrared.c.obj)
                0x00000000200010ac                Infrared_PIN
 .bss.LCD_1IN44
                0x00000000200010b0        0x6 lib/LCD/libLCD.a(LCD_1in44.c.obj)
                0x00000000200010b0                LCD_1IN44
 *fill*         0x00000000200010b6        0x2 
 .bss.Paint     0x00000000200010b8       0x18 lib/GUI/libGUI.a(GUI_Paint.c.obj)
                0x00000000200010b8                Paint
 .bss._app_driver
                0x00000000200010d0        0x4 CMakeFiles/main.dir/home/administrator/workspace/pico-sdk/lib/tinyusb/src/device/usbd.c.obj
 .bss._cdcd_itf
                0x00000000200010d4      0x2d8 CMakeFiles/main.dir/home/administrator/workspace/pico-sdk/lib/tinyusb/src/class/cdc/cdc_device.c.obj
 .bss._ctrl_xfer
                0x00000000200013ac       0x14 CMakeFiles/main.dir/home/administrator/workspace/pico-sdk/lib/tinyusb/src/device/usbd_control.c.obj
 .bss._ubsd_mutexdef
                0x00000000200013c0        0x8 CMakeFiles/main.dir/home/administrator/workspace/pico-sdk/lib/tinyusb/src/device/usbd.c.obj
 .bss._usbd_ctrl_buf
                0x00000000200013c8       0x40 CMakeFiles/main.dir/home/administrator/workspace/pico-sdk/lib/tinyusb/src/device/usbd_control.c.obj
 .bss._usbd_dev
                0x0000000020001408       0x53 CMakeFiles/main.dir/home/administrator/workspace/pico-sdk/lib/tinyusb/src/device/usbd.c.obj
 *fill*         0x000000002000145b        0x1 
 .bss._usbd_mutex
                0x000000002000145c        0x4 CMakeFiles/main.dir/home/administrator/workspace/pico-sdk/lib/tinyusb/src/device/usbd.c.obj
 .bss._usbd_q   0x0000000020001460        0x4 CMakeFiles/main.dir/home/administrator/workspace/pico-sdk/lib/tinyusb/src/device/usbd.c.obj
 .bss._usbd_qdef_buf
                0x0000000020001464       0xc0 CMakeFiles/main.dir/home/administrator/workspace/pico-sdk/lib/tinyusb/src/device/usbd.c.obj
                0x0000000020001464                _usbd_qdef_buf
 .bss.alarm_callbacks
                0x0000000020001524       0x10 CMakeFiles/main.dir/home/administrator/workspace/pico-sdk/src/rp2_common/hardware_timer/timer.c.obj
 .bss.boot2_copyout
                0x0000000020001534      0x100 CMakeFiles/main.dir/home/administrator/workspace/pico-sdk/src/rp2_common/hardware_flash/flash.c.obj
 .bss.claimed   0x0000000020001634        0x4 CMakeFiles/main.dir/home/administrator/workspace/pico-sdk/src/rp2_common/hardware_sync/sync.c.obj
 .bss.configured_freq
                0x0000000020001638       0x28 CMakeFiles/main.dir/home/administrator/workspace/pico-sdk/src/rp2_common/hardware_clocks/clocks.c.obj
 .bss.default_alarm_pool_entry_ids_high
                0x0000000020001660       0x10 CMakeFiles/main.dir/home/administrator/workspace/pico-sdk/src/common/pico_time/time.c.obj
 .bss.default_alarm_pool_heap_nodes
                0x0000000020001670       0x30 CMakeFiles/main.dir/home/administrator/workspace/pico-sdk/src/common/pico_time/time.c.obj
 .bss.desc_str.0
                0x00000000200016a0       0x28 CMakeFiles/main.dir/home/administrator/workspace/pico-sdk/src/rp2_common/pico_stdio_usb/stdio_usb_descriptors.c.obj
 .bss.drivers   0x00000000200016c8        0x4 CMakeFiles/main.dir/home/administrator/workspace/pico-sdk/src/rp2_common/pico_stdio/stdio.c.obj
 .bss.filter    0x00000000200016cc        0x4 CMakeFiles/main.dir/home/administrator/workspace/pico-sdk/src/rp2_common/pico_stdio/stdio.c.obj
 .bss.heap_end.0
                0x00000000200016d0        0x4 CMakeFiles/main.dir/home/administrator/workspace/pico-sdk/src/rp2_common/pico_runtime/runtime.c.obj
 .bss.hw_endpoints
                0x00000000200016d4      0x400 CMakeFiles/main.dir/home/administrator/workspace/pico-sdk/lib/tinyusb/src/portable/raspberrypi/rp2040/dcd_rp2040.c.obj
 .bss.lazy_vsnprintf
                0x0000000020001ad4        0x4 CMakeFiles/main.dir/home/administrator/workspace/pico-sdk/src/rp2_common/pico_printf/printf.c.obj
 .bss.load_value
                0x0000000020001ad8        0x4 CMakeFiles/main.dir/home/administrator/workspace/pico-sdk/src/rp2_common/hardware_watchdog/watchdog.c.obj
 .bss.next_buffer_ptr
                0x0000000020001adc        0x4 CMakeFiles/main.dir/home/administrator/workspace/pico-sdk/lib/tinyusb/src/portable/raspberrypi/rp2040/dcd_rp2040.c.obj
 .bss.pools     0x0000000020001ae0       0x10 CMakeFiles/main.dir/home/administrator/workspace/pico-sdk/src/common/pico_time/time.c.obj
 .bss.retrieved_id
                0x0000000020001af0        0x8 CMakeFiles/main.dir/home/administrator/workspace/pico-sdk/src/rp2_common/pico_unique_id/unique_id.c.obj
 .bss.sf_clz_func
                0x0000000020001af8        0x4 CMakeFiles/main.dir/home/administrator/workspace/pico-sdk/src/rp2_common/pico_double/double_init_rom.c.obj
                0x0000000020001af8                sf_clz_func
 .bss.sleep_notifier
                0x0000000020001afc        0x4 CMakeFiles/main.dir/home/administrator/workspace/pico-sdk/src/common/pico_time/time.c.obj
 .bss.slice_num
                0x0000000020001b00        0x4 lib/Config/libConfig.a(DEV_Config.c.obj)
                0x0000000020001b00                slice_num
 .bss.stdio_usb_mutex
                0x0000000020001b04        0x8 CMakeFiles/main.dir/home/administrator/workspace/pico-sdk/src/rp2_common/pico_stdio_usb/stdio_usb.c.obj
 .bss.target_hi
                0x0000000020001b0c       0x10 CMakeFiles/main.dir/home/administrator/workspace/pico-sdk/src/rp2_common/hardware_timer/timer.c.obj
 .bss.uart_char_to_line_feed
                0x0000000020001b1c        0x4 CMakeFiles/main.dir/home/administrator/workspace/pico-sdk/src/rp2_common/hardware_uart/uart.c.obj
                0x0000000020001b1c                uart_char_to_line_feed
 .bss.uart_instance
                0x0000000020001b20        0x4 CMakeFiles/main.dir/home/administrator/workspace/pico-sdk/src/rp2_common/pico_stdio_uart/stdio_uart.c.obj
 .bss.usbd_serial_str
                0x0000000020001b24       0x11 CMakeFiles/main.dir/home/administrator/workspace/pico-sdk/src/rp2_common/pico_stdio_usb/stdio_usb_descriptors.c.obj
 *fill*         0x0000000020001b35        0x3 
 .bss.user_irq_claimed
                0x0000000020001b38        0x2 CMakeFiles/main.dir/home/administrator/workspace/pico-sdk/src/rp2_common/hardware_irq/irq.c.obj
 .bss._app_driver_count
                0x0000000020001b3a        0x1 CMakeFiles/main.dir/home/administrator/workspace/pico-sdk/lib/tinyusb/src/device/usbd.c.obj
 .bss._usbd_initialized
                0x0000000020001b3b        0x1 CMakeFiles/main.dir/home/administrator/workspace/pico-sdk/lib/tinyusb/src/device/usbd.c.obj
 .bss.boot2_copyout_valid
                0x0000000020001b3c        0x1 CMakeFiles/main.dir/home/administrator/workspace/pico-sdk/src/rp2_common/hardware_flash/flash.c.obj
 .bss.claimed   0x0000000020001b3d        0x1 CMakeFiles/main.dir/home/administrator/workspace/pico-sdk/src/rp2_common/hardware_timer/timer.c.obj
 .bss.irq_hander_chain_free_slot_head
                0x0000000020001b3e        0x1 CMakeFiles/main.dir/home/administrator/workspace/pico-sdk/src/rp2_common/hardware_irq/irq.c.obj
 .bss.itf_num   0x0000000020001b3f        0x1 CMakeFiles/main.dir/home/administrator/workspace/pico-sdk/src/rp2_common/pico_stdio_usb/reset_interface.c.obj
 .bss.low_priority_irq_num
                0x0000000020001b40        0x1 CMakeFiles/main.dir/home/administrator/workspace/pico-sdk/src/rp2_common/pico_stdio_usb/stdio_usb.c.obj
 .bss.timer_callbacks_pending
                0x0000000020001b41        0x1 CMakeFiles/main.dir/home/administrator/workspace/pico-sdk/src/rp2_common/hardware_timer/timer.c.obj
 *(COMMON)
                0x0000000020001b44                . = ALIGN (0x4)
 *fill*         0x0000000020001b42        0x2 
                0x0000000020001b44                __bss_end__ = .

.heap           0x0000000020001b44      0x800
                0x0000000020001b44                __end__ = .
                0x0000000020001b44                end = __end__
 *(.heap*)
 .heap          0x0000000020001b44      0x800 CMakeFiles/main.dir/home/administrator/workspace/pico-sdk/src/rp2_common/pico_standard_link/crt0.S.obj
                0x0000000020002344                __HeapLimit = .

.stack1_dummy   0x0000000020040000        0x0
 *(.stack1*)

.stack_dummy    0x0000000020041000      0x800
 *(.stack*)
 .stack         0x0000000020041000      0x800 CMakeFiles/main.dir/home/administrator/workspace/pico-sdk/src/rp2_common/pico_standard_link/crt0.S.obj

.flash_end      0x00000000100163b4        0x0
                0x00000000100163b4                __flash_binary_end = .
                0x0000000020040000                __StackLimit = (ORIGIN (RAM) + LENGTH (RAM))
                0x0000000020041000                __StackOneTop = (ORIGIN (SCRATCH_X) + LENGTH (SCRATCH_X))
                0x0000000020042000                __StackTop = (ORIGIN (SCRATCH_Y) + LENGTH (SCRATCH_Y))
                0x0000000020041000                __StackOneBottom = (__StackOneTop - SIZEOF (.stack1_dummy))
                0x0000000020041800                __StackBottom = (__StackTop - SIZEOF (.stack_dummy))
                0x0000000020042000                PROVIDE (__stack = __StackTop)
                0x0000000000000001                ASSERT ((__StackLimit >= __HeapLimit), region RAM overflowed)
                0x0000000000000001                ASSERT (((__binary_info_header_end - __logical_binary_start) <= 0x100), Binary info must be in first 256 bytes of the binary)
LOAD CMakeFiles/main.dir/main.c.obj
LOAD CMakeFiles/main.dir/home/administrator/workspace/pico-sdk/src/rp2_common/pico_stdlib/stdlib.c.obj
LOAD CMakeFiles/main.dir/home/administrator/workspace/pico-sdk/src/rp2_common/hardware_gpio/gpio.c.obj
LOAD CMakeFiles/main.dir/home/administrator/workspace/pico-sdk/src/rp2_common/hardware_claim/claim.c.obj
LOAD CMakeFiles/main.dir/home/administrator/workspace/pico-sdk/src/rp2_common/pico_platform/platform.c.obj
LOAD CMakeFiles/main.dir/home/administrator/workspace/pico-sdk/src/rp2_common/hardware_sync/sync.c.obj
LOAD CMakeFiles/main.dir/home/administrator/workspace/pico-sdk/src/rp2_common/hardware_irq/irq.c.obj
LOAD CMakeFiles/main.dir/home/administrator/workspace/pico-sdk/src/rp2_common/hardware_irq/irq_handler_chain.S.obj
LOAD CMakeFiles/main.dir/home/administrator/workspace/pico-sdk/src/common/pico_sync/sem.c.obj
LOAD CMakeFiles/main.dir/home/administrator/workspace/pico-sdk/src/common/pico_sync/lock_core.c.obj
LOAD CMakeFiles/main.dir/home/administrator/workspace/pico-sdk/src/common/pico_time/time.c.obj
LOAD CMakeFiles/main.dir/home/administrator/workspace/pico-sdk/src/common/pico_time/timeout_helper.c.obj
LOAD CMakeFiles/main.dir/home/administrator/workspace/pico-sdk/src/rp2_common/hardware_timer/timer.c.obj
LOAD CMakeFiles/main.dir/home/administrator/workspace/pico-sdk/src/common/pico_util/datetime.c.obj
LOAD CMakeFiles/main.dir/home/administrator/workspace/pico-sdk/src/common/pico_util/pheap.c.obj
LOAD CMakeFiles/main.dir/home/administrator/workspace/pico-sdk/src/common/pico_util/queue.c.obj
LOAD CMakeFiles/main.dir/home/administrator/workspace/pico-sdk/src/common/pico_sync/mutex.c.obj
LOAD CMakeFiles/main.dir/home/administrator/workspace/pico-sdk/src/common/pico_sync/critical_section.c.obj
LOAD CMakeFiles/main.dir/home/administrator/workspace/pico-sdk/src/rp2_common/hardware_uart/uart.c.obj
LOAD CMakeFiles/main.dir/home/administrator/workspace/pico-sdk/src/rp2_common/hardware_divider/divider.S.obj